Archive member included because of file (symbol)

D:/Project/TI Contest/Workspace_new/lpmsp430f5529_25_core/Debug\liblpmsp430f5529_25_core.a(wiring.o)
                              ./DFPlayer_Mini_Mp3.o (millis)
D:/Project/TI Contest/Workspace_new/lpmsp430f5529_25_core/Debug\liblpmsp430f5529_25_core.a(HardwareSerial.o)
                              ./MuseS_Project_v1.1.o (HardwareSerial::available())
D:/Project/TI Contest/Workspace_new/lpmsp430f5529_25_core/Debug\liblpmsp430f5529_25_core.a(main.o)
                              (main)
D:/Project/TI Contest/Workspace_new/lpmsp430f5529_25_core/Debug\liblpmsp430f5529_25_core.a(Print.o)
                              D:/Project/TI Contest/Workspace_new/lpmsp430f5529_25_core/Debug\liblpmsp430f5529_25_core.a(HardwareSerial.o) (Print::write(unsigned char const*, unsigned int))
D:/Project/TI Contest/Workspace_new/lpmsp430f5529_25_core/Debug\liblpmsp430f5529_25_core.a(Stream.o)
                              ./MuseS_Project_v1.1.o (Stream::readString())
D:/Project/TI Contest/Workspace_new/lpmsp430f5529_25_core/Debug\liblpmsp430f5529_25_core.a(WString.o)
                              ./Beacon.o (String::operator=(String const&))
D:/Project/TI Contest/Workspace_new/lpmsp430f5529_25_core/Debug\liblpmsp430f5529_25_core.a(atof.o)
                              D:/Project/TI Contest/Workspace_new/lpmsp430f5529_25_core/Debug\liblpmsp430f5529_25_core.a(WString.o) (atof)
D:/Project/TI Contest/Workspace_new/lpmsp430f5529_25_core/Debug\liblpmsp430f5529_25_core.a(dtostrf.o)
                              D:/Project/TI Contest/Workspace_new/lpmsp430f5529_25_core/Debug\liblpmsp430f5529_25_core.a(WString.o) (dtostrf)
D:/Project/TI Contest/Workspace_new/lpmsp430f5529_25_core/Debug\liblpmsp430f5529_25_core.a(itoa.o)
                              D:/Project/TI Contest/Workspace_new/lpmsp430f5529_25_core/Debug\liblpmsp430f5529_25_core.a(WString.o) (ltoa)
D:/Project/TI Contest/Workspace_new/lpmsp430f5529_25_core/Debug\liblpmsp430f5529_25_core.a(usci_isr_handler.o)
                              D:/Project/TI Contest/Workspace_new/lpmsp430f5529_25_core/Debug\liblpmsp430f5529_25_core.a(HardwareSerial.o) (usci_isr_install)
D:/Project/TI Contest/Workspace_new/lpmsp430f5529_25_core/Debug\liblpmsp430f5529_25_core.a(wiring_digital.o)
                              D:/Project/TI Contest/Workspace_new/lpmsp430f5529_25_core/Debug\liblpmsp430f5529_25_core.a(HardwareSerial.o) (pinMode_int)
D:/Project/TI Contest/Workspace_new/lpmsp430f5529_25_core/Debug\liblpmsp430f5529_25_core.a(new.o)
                              D:/Project/TI Contest/Workspace_new/lpmsp430f5529_25_core/Debug\liblpmsp430f5529_25_core.a(Print.o) (__cxa_pure_virtual)
D:/Project/TI Contest/Workspace_new/lpmsp430f5529_25_core/Debug\liblpmsp430f5529_25_core.a(twi.o)
                              D:/Project/TI Contest/Workspace_new/lpmsp430f5529_25_core/Debug\liblpmsp430f5529_25_core.a(usci_isr_handler.o) (i2c_txrx_isr)
c:/ti/energia-1.6.10e18/hardware/tools/msp430/bin/../lib/gcc/msp430/4.6.3/../../../../msp430/lib/mcpu-430x/mmpy-16\libm.a(ef_pow.o)
                              D:/Project/TI Contest/Workspace_new/lpmsp430f5529_25_core/Debug\liblpmsp430f5529_25_core.a(dtostrf.o) (powf)
c:/ti/energia-1.6.10e18/hardware/tools/msp430/bin/../lib/gcc/msp430/4.6.3/../../../../msp430/lib/mcpu-430x/mmpy-16\libm.a(sf_scalbn.o)
                              c:/ti/energia-1.6.10e18/hardware/tools/msp430/bin/../lib/gcc/msp430/4.6.3/../../../../msp430/lib/mcpu-430x/mmpy-16\libm.a(ef_pow.o) (scalbnf)
c:/ti/energia-1.6.10e18/hardware/tools/msp430/bin/../lib/gcc/msp430/4.6.3/../../../../msp430/lib/mcpu-430x/mmpy-16\libm.a(ef_sqrt.o)
                              c:/ti/energia-1.6.10e18/hardware/tools/msp430/bin/../lib/gcc/msp430/4.6.3/../../../../msp430/lib/mcpu-430x/mmpy-16\libm.a(ef_pow.o) (__ieee754_sqrtf)
c:/ti/energia-1.6.10e18/hardware/tools/msp430/bin/../lib/gcc/msp430/4.6.3/mcpu-430x/mmpy-16\libgcc.a(_udivmod16.o)
                              D:/Project/TI Contest/Workspace_new/lpmsp430f5529_25_core/Debug\liblpmsp430f5529_25_core.a(wiring.o) (__udivhi3)
c:/ti/energia-1.6.10e18/hardware/tools/msp430/bin/../lib/gcc/msp430/4.6.3/mcpu-430x/mmpy-16\libgcc.a(_udivmod32.o)
                              D:/Project/TI Contest/Workspace_new/lpmsp430f5529_25_core/Debug\liblpmsp430f5529_25_core.a(wiring.o) (__udivsi3)
c:/ti/energia-1.6.10e18/hardware/tools/msp430/bin/../lib/gcc/msp430/4.6.3/mcpu-430x/mmpy-16\libgcc.a(_fixunssfsi.o)
                              D:/Project/TI Contest/Workspace_new/lpmsp430f5529_25_core/Debug\liblpmsp430f5529_25_core.a(Print.o) (__fixunssfsi)
c:/ti/energia-1.6.10e18/hardware/tools/msp430/bin/../lib/gcc/msp430/4.6.3/mcpu-430x/mmpy-16\libgcc.a(_addsub_sf.o)
                              D:/Project/TI Contest/Workspace_new/lpmsp430f5529_25_core/Debug\liblpmsp430f5529_25_core.a(Print.o) (__addsf3)
c:/ti/energia-1.6.10e18/hardware/tools/msp430/bin/../lib/gcc/msp430/4.6.3/mcpu-430x/mmpy-16\libgcc.a(_mul_sf.o)
[...]
Memory Configuration

Name             Origin             Length             Attributes
sfr              0x00000000         0x00000010
peripheral_8bit  0x00000010         0x000000f0
peripheral_16bit 0x00000100         0x00000100
bsl              0x00001000         0x00000800
infomem          0x00001800         0x00000200
infod            0x00001800         0x00000080
infoc            0x00001880         0x00000080
infob            0x00001900         0x00000080
infoa            0x00001980         0x00000080
usbram           0x00001c00         0x00000800         xw
ram              0x00002400         0x00002000         xw
rom              0x00004400         0x0000bb80         xr
vectors          0x0000ff80         0x00000080
far_rom          0x00010000         0x00014400
ram2             0x00000000         0x00000000         xw
ram_mirror       0x00000000         0x00000000         xw
signature        0x00000000         0x00000000
tinyram          0x00000000         0x00000000         xw
*default*        0x00000000         0xffffffff

Linker script and memory map

LOAD c:/ti/energia-1.6.10e18/hardware/tools/msp430/bin/../lib/gcc/msp430/4.6.3/mcpu-430x/mmpy-16/crt0ivtbl64.o
LOAD ./Beacon.o
LOAD ./DFPlayer_Mini_Mp3.o
LOAD ./MuseS_Project_v1.1.o
START GROUP
LOAD D:/Project/TI Contest/Workspace_new/lpmsp430f5529_25_core/Debug\liblpmsp430f5529_25_core.a
LOAD c:/ti/energia-1.6.10e18/hardware/tools/msp430/bin/../lib/gcc/msp430/4.6.3/../../../../msp430/lib/mcpu-430x/mmpy-16\libm.a
END GROUP
LOAD c:/ti/energia-1.6.10e18/hardware/tools/msp430/bin/../lib/gcc/msp430/4.6.3/mcpu-430x/mmpy-16\libgcc.a
LOAD c:/ti/energia-1.6.10e18/hardware/tools/msp430/bin/../lib/gcc/msp430/4.6.3/../../../../msp430/lib/mcpu-430x/mmpy-16\libc.a
LOAD c:/ti/energia-1.6.10e18/hardware/tools/msp430/bin/../lib/gcc/msp430/4.6.3/mcpu-430x/mmpy-16\libgcc.a
LOAD c:/ti/energia-1.6.10e18/hardware/tools/msp430/bin/../lib/gcc/msp430/4.6.3/mcpu-430x/mmpy-16\libcrt0.a
                0x00000080                PROVIDE (__info_segment_size, 0x80)
                0x00001800                PROVIDE (__infod, 0x1800)
                0x00001880                PROVIDE (__infoc, 0x1880)
                0x00001900                PROVIDE (__infob, 0x1900)
                0x00001980                PROVIDE (__infoa, 0x1980)
                0x00000700                __ADC12CTL0_L = 0x700
                0x00000701                __ADC12CTL0_H = 0x701
                0x00000700                __ADC12CTL0 = 0x700
                0x00000702                __ADC12CTL1_L = 0x702
                0x00000703                __ADC12CTL1_H = 0x703
                0x00000702                __ADC12CTL1 = 0x702
                0x00000704                __ADC12CTL2_L = 0x704
                0x00000705                __ADC12CTL2_H = 0x705
                0x00000704                __ADC12CTL2 = 0x704
                0x0000070a                __ADC12IFG_L = 0x70a
                0x0000070b                __ADC12IFG_H = 0x70b
                0x0000070a                __ADC12IFG = 0x70a
                0x0000070c                __ADC12IE_L = 0x70c
                0x0000070d                __ADC12IE_H = 0x70d
                0x0000070c                __ADC12IE = 0x70c
                0x0000070e                __ADC12IV_L = 0x70e
                0x0000070f                __ADC12IV_H = 0x70f
                0x0000070e                __ADC12IV = 0x70e
                0x00000720                __ADC12MEM0_L = 0x720
                0x00000721                __ADC12MEM0_H = 0x721
                0x00000720                __ADC12MEM0 = 0x720
                0x00000722                __ADC12MEM1_L = 0x722
                0x00000723                __ADC12MEM1_H = 0x723
                0x00000722                __ADC12MEM1 = 0x722
                0x00000724                __ADC12MEM2_L = 0x724
                0x00000725                __ADC12MEM2_H = 0x725
                0x00000724                __ADC12MEM2 = 0x724
                0x00000726                __ADC12MEM3_L = 0x726
                0x00000727                __ADC12MEM3_H = 0x727
                0x00000726                __ADC12MEM3 = 0x726
                0x00000728                __ADC12MEM4_L = 0x728
                0x00000729                __ADC12MEM4_H = 0x729
                0x00000728                __ADC12MEM4 = 0x728
                0x0000072a                __ADC12MEM5_L = 0x72a
                0x0000072b                __ADC12MEM5_H = 0x72b
                0x0000072a                __ADC12MEM5 = 0x72a
                0x0000072c                __ADC12MEM6_L = 0x72c
                0x0000072d                __ADC12MEM6_H = 0x72d
                0x0000072c                __ADC12MEM6 = 0x72c
                0x0000072e                __ADC12MEM7_L = 0x72e
                0x0000072f                __ADC12MEM7_H = 0x72f
                0x0000072e                __ADC12MEM7 = 0x72e
                0x00000730                __ADC12MEM8_L = 0x730
                0x00000731                __ADC12MEM8_H = 0x731
                0x00000730                __ADC12MEM8 = 0x730
                0x00000732                __ADC12MEM9_L = 0x732
                0x00000733                __ADC12MEM9_H = 0x733
                0x00000732                __ADC12MEM9 = 0x732
                0x00000734                __ADC12MEM10_L = 0x734
                0x00000735                __ADC12MEM10_H = 0x735
                0x00000734                __ADC12MEM10 = 0x734
                0x00000736                __ADC12MEM11_L = 0x736
                0x00000737                __ADC12MEM11_H = 0x737
                0x00000736                __ADC12MEM11 = 0x736
                0x00000738                __ADC12MEM12_L = 0x738
                0x00000739                __ADC12MEM12_H = 0x739
                0x00000738                __ADC12MEM12 = 0x738
                0x0000073a                __ADC12MEM13_L = 0x73a
                0x0000073b                __ADC12MEM13_H = 0x73b
                0x0000073a                __ADC12MEM13 = 0x73a
                0x0000073c                __ADC12MEM14_L = 0x73c
                0x0000073d                __ADC12MEM14_H = 0x73d
                0x0000073c                __ADC12MEM14 = 0x73c
                0x0000073e                __ADC12MEM15_L = 0x73e
                0x0000073f                __ADC12MEM15_H = 0x73f
                0x0000073e                __ADC12MEM15 = 0x73e
                0x00000710                __ADC12MCTL0 = 0x710
                0x00000711                __ADC12MCTL1 = 0x711
                0x00000712                __ADC12MCTL2 = 0x712
                0x00000713                __ADC12MCTL3 = 0x713
                0x00000714                __ADC12MCTL4 = 0x714
                0x00000715                __ADC12MCTL5 = 0x715
                0x00000716                __ADC12MCTL6 = 0x716
                0x00000717                __ADC12MCTL7 = 0x717
                0x00000718                __ADC12MCTL8 = 0x718
                0x00000719                __ADC12MCTL9 = 0x719
                0x0000071a                __ADC12MCTL10 = 0x71a
                0x0000071b                __ADC12MCTL11 = 0x71b
                0x0000071c                __ADC12MCTL12 = 0x71c
                0x0000071d                __ADC12MCTL13 = 0x71d
                0x0000071e                __ADC12MCTL14 = 0x71e
                0x0000071f                __ADC12MCTL15 = 0x71f
                0x000008c0                __CBCTL0_L = 0x8c0
                0x000008c1                __CBCTL0_H = 0x8c1
                0x000008c0                __CBCTL0 = 0x8c0
                0x000008c2                __CBCTL1_L = 0x8c2
                0x000008c3                __CBCTL1_H = 0x8c3
                0x000008c2                __CBCTL1 = 0x8c2
                0x000008c4                __CBCTL2_L = 0x8c4
                0x000008c5                __CBCTL2_H = 0x8c5
                0x000008c4                __CBCTL2 = 0x8c4
                0x000008c6                __CBCTL3_L = 0x8c6
                0x000008c7                __CBCTL3_H = 0x8c7
                0x000008c6                __CBCTL3 = 0x8c6
                0x000008cc                __CBINT_L = 0x8cc
                0x000008cd                __CBINT_H = 0x8cd
                0x000008cc                __CBINT = 0x8cc
                0x000008ce                __CBIV = 0x8ce
                0x00000150                __CRCDI_L = 0x150
                0x00000151                __CRCDI_H = 0x151
                0x00000150                __CRCDI = 0x150
                0x00000152                __CRCDIRB_L = 0x152
                0x00000153                __CRCDIRB_H = 0x153
                0x00000152                __CRCDIRB = 0x152
                0x00000154                __CRCINIRES_L = 0x154
                0x00000155                __CRCINIRES_H = 0x155
                0x00000154                __CRCINIRES = 0x154
                0x00000156                __CRCRESR_L = 0x156
                0x00000157                __CRCRESR_H = 0x157
                0x00000156                __CRCRESR = 0x156
                0x00000500                __DMACTL0_L = 0x500
                0x00000501                __DMACTL0_H = 0x501
                0x00000500                __DMACTL0 = 0x500
                0x00000502                __DMACTL1_L = 0x502
                0x00000503                __DMACTL1_H = 0x503
                0x00000502                __DMACTL1 = 0x502
                0x00000504                __DMACTL2_L = 0x504
                0x00000505                __DMACTL2_H = 0x505
                0x00000504                __DMACTL2 = 0x504
                0x00000506                __DMACTL3_L = 0x506
                0x00000507                __DMACTL3_H = 0x507
                0x00000506                __DMACTL3 = 0x506
                0x00000508                __DMACTL4_L = 0x508
                0x00000509                __DMACTL4_H = 0x509
                0x00000508                __DMACTL4 = 0x508
                0x0000050e                __DMAIV_L = 0x50e
                0x0000050f                __DMAIV_H = 0x50f
                0x0000050e                __DMAIV = 0x50e
                0x00000510                __DMA0CTL_L = 0x510
                0x00000511                __DMA0CTL_H = 0x511
                0x00000510                __DMA0CTL = 0x510
                0x00000512                __DMA0SA = 0x512
                0x00000516                __DMA0DA = 0x516
                0x0000051a                __DMA0SZ = 0x51a
                0x00000520                __DMA1CTL_L = 0x520
                0x00000521                __DMA1CTL_H = 0x521
                0x00000520                __DMA1CTL = 0x520
                0x00000522                __DMA1SA = 0x522
                0x00000526                __DMA1DA = 0x526
                0x0000052a                __DMA1SZ = 0x52a
                0x00000530                __DMA2CTL_L = 0x530
                0x00000531                __DMA2CTL_H = 0x531
                0x00000530                __DMA2CTL = 0x530
                0x00000532                __DMA2SA = 0x532
                0x00000536                __DMA2DA = 0x536
                0x0000053a                __DMA2SZ = 0x53a
                0x00000140                __FCTL1_L = 0x140
                0x00000141                __FCTL1_H = 0x141
                0x00000140                __FCTL1 = 0x140
                0x00000144                __FCTL3_L = 0x144
                0x00000145                __FCTL3_H = 0x145
                0x00000144                __FCTL3 = 0x144
                0x00000146                __FCTL4_L = 0x146
                0x00000147                __FCTL4_H = 0x147
                0x00000146                __FCTL4 = 0x146
                0x000004c0                __MPY_L = 0x4c0
                0x000004c1                __MPY_H = 0x4c1
                0x000004c0                __MPY = 0x4c0
                0x000004c2                __MPYS_L = 0x4c2
                0x000004c3                __MPYS_H = 0x4c3
                0x000004c2                __MPYS = 0x4c2
                0x000004c4                __MAC_L = 0x4c4
                0x000004c5                __MAC_H = 0x4c5
                0x000004c4                __MAC = 0x4c4
                0x000004c6                __MACS_L = 0x4c6
                0x000004c7                __MACS_H = 0x4c7
                0x000004c6                __MACS = 0x4c6
                0x000004c8                __OP2_L = 0x4c8
                0x000004c9                __OP2_H = 0x4c9
                0x000004c8                __OP2 = 0x4c8
                0x000004ca                __RESLO_L = 0x4ca
                0x000004cb                __RESLO_H = 0x4cb
                0x000004ca                __RESLO = 0x4ca
                0x000004cc                __RESHI_L = 0x4cc
                0x000004cd                __RESHI_H = 0x4cd
                0x000004cc                __RESHI = 0x4cc
                0x000004ce                __SUMEXT_L = 0x4ce
                0x000004cf                __SUMEXT_H = 0x4cf
                0x000004ce                __SUMEXT = 0x4ce
                0x000004d0                __MPY32L_L = 0x4d0
                0x000004d1                __MPY32L_H = 0x4d1
                0x000004d0                __MPY32L = 0x4d0
                0x000004d2                __MPY32H_L = 0x4d2
                0x000004d3                __MPY32H_H = 0x4d3
                0x000004d2                __MPY32H = 0x4d2
                0x000004d4                __MPYS32L_L = 0x4d4
                0x000004d5                __MPYS32L_H = 0x4d5
                0x000004d4                __MPYS32L = 0x4d4
                0x000004d6                __MPYS32H_L = 0x4d6
                0x000004d7                __MPYS32H_H = 0x4d7
                0x000004d6                __MPYS32H = 0x4d6
                0x000004d8                __MAC32L_L = 0x4d8
                0x000004d9                __MAC32L_H = 0x4d9
                0x000004d8                __MAC32L = 0x4d8
                0x000004da                __MAC32H_L = 0x4da
                0x000004db                __MAC32H_H = 0x4db
                0x000004da                __MAC32H = 0x4da
                0x000004dc                __MACS32L_L = 0x4dc
                0x000004dd                __MACS32L_H = 0x4dd
                0x000004dc                __MACS32L = 0x4dc
                0x000004de                __MACS32H_L = 0x4de
                0x000004df                __MACS32H_H = 0x4df
                0x000004de                __MACS32H = 0x4de
                0x000004e0                __OP2L_L = 0x4e0
                0x000004e1                __OP2L_H = 0x4e1
                0x000004e0                __OP2L = 0x4e0
                0x000004e2                __OP2H_L = 0x4e2
                0x000004e3                __OP2H_H = 0x4e3
                0x000004e2                __OP2H = 0x4e2
                0x000004e4                __RES0_L = 0x4e4
                0x000004e5                __RES0_H = 0x4e5
                0x000004e4                __RES0 = 0x4e4
                0x000004e6                __RES1_L = 0x4e6
                0x000004e7                __RES1_H = 0x4e7
                0x000004e6                __RES1 = 0x4e6
                0x000004e8                __RES2_L = 0x4e8
                0x000004e9                __RES2_H = 0x4e9
                0x000004e8                __RES2 = 0x4e8
                0x000004ea                __RES3_L = 0x4ea
                0x000004eb                __RES3_H = 0x4eb
                0x000004ea                __RES3 = 0x4ea
                0x000004ec                __MPY32CTL0_L = 0x4ec
                0x000004ed                __MPY32CTL0_H = 0x4ed
                0x000004ec                __MPY32CTL0 = 0x4ec
                0x00000200                __PAIN_L = 0x200
                0x00000201                __PAIN_H = 0x201
                0x00000200                __PAIN = 0x200
                0x00000202                __PAOUT_L = 0x202
                0x00000203                __PAOUT_H = 0x203
                0x00000202                __PAOUT = 0x202
                0x00000204                __PADIR_L = 0x204
                0x00000205                __PADIR_H = 0x205
                0x00000204                __PADIR = 0x204
                0x00000206                __PAREN_L = 0x206
                0x00000207                __PAREN_H = 0x207
                0x00000206                __PAREN = 0x206
                0x00000208                __PADS_L = 0x208
                0x00000209                __PADS_H = 0x209
                0x00000208                __PADS = 0x208
                0x0000020a                __PASEL_L = 0x20a
                0x0000020b                __PASEL_H = 0x20b
                0x0000020a                __PASEL = 0x20a
                0x00000218                __PAIES_L = 0x218
                0x00000219                __PAIES_H = 0x219
                0x00000218                __PAIES = 0x218
                0x0000021a                __PAIE_L = 0x21a
                0x0000021b                __PAIE_H = 0x21b
                0x0000021a                __PAIE = 0x21a
                0x0000021c                __PAIFG_L = 0x21c
                0x0000021d                __PAIFG_H = 0x21d
                0x0000021c                __PAIFG = 0x21c
                0x0000020e                __P1IV = 0x20e
                0x0000021e                __P2IV = 0x21e
                0x00000220                __PBIN_L = 0x220
                0x00000221                __PBIN_H = 0x221
                0x00000220                __PBIN = 0x220
                0x00000222                __PBOUT_L = 0x222
                0x00000223                __PBOUT_H = 0x223
                0x00000222                __PBOUT = 0x222
                0x00000224                __PBDIR_L = 0x224
                0x00000225                __PBDIR_H = 0x225
                0x00000224                __PBDIR = 0x224
                0x00000226                __PBREN_L = 0x226
                0x00000227                __PBREN_H = 0x227
                0x00000226                __PBREN = 0x226
                0x00000228                __PBDS_L = 0x228
                0x00000229                __PBDS_H = 0x229
                0x00000228                __PBDS = 0x228
                0x0000022a                __PBSEL_L = 0x22a
                0x0000022b                __PBSEL_H = 0x22b
                0x0000022a                __PBSEL = 0x22a
                0x00000240                __PCIN_L = 0x240
                0x00000241                __PCIN_H = 0x241
                0x00000240                __PCIN = 0x240
                0x00000242                __PCOUT_L = 0x242
                0x00000243                __PCOUT_H = 0x243
                0x00000242                __PCOUT = 0x242
                0x00000244                __PCDIR_L = 0x244
                0x00000245                __PCDIR_H = 0x245
                0x00000244                __PCDIR = 0x244
                0x00000246                __PCREN_L = 0x246
                0x00000247                __PCREN_H = 0x247
                0x00000246                __PCREN = 0x246
                0x00000248                __PCDS_L = 0x248
                0x00000249                __PCDS_H = 0x249
                0x00000248                __PCDS = 0x248
                0x0000024a                __PCSEL_L = 0x24a
                0x0000024b                __PCSEL_H = 0x24b
                0x0000024a                __PCSEL = 0x24a
                0x00000260                __PDIN_L = 0x260
                0x00000261                __PDIN_H = 0x261
                0x00000260                __PDIN = 0x260
                0x00000262                __PDOUT_L = 0x262
                0x00000263                __PDOUT_H = 0x263
                0x00000262                __PDOUT = 0x262
                0x00000264                __PDDIR_L = 0x264
                0x00000265                __PDDIR_H = 0x265
                0x00000264                __PDDIR = 0x264
                0x00000266                __PDREN_L = 0x266
                0x00000267                __PDREN_H = 0x267
                0x00000266                __PDREN = 0x266
                0x00000268                __PDDS_L = 0x268
                0x00000269                __PDDS_H = 0x269
                0x00000268                __PDDS = 0x268
                0x0000026a                __PDSEL_L = 0x26a
                0x0000026b                __PDSEL_H = 0x26b
                0x0000026a                __PDSEL = 0x26a
                0x00000320                __PJIN_L = 0x320
                0x00000321                __PJIN_H = 0x321
                0x00000320                __PJIN = 0x320
                0x00000322                __PJOUT_L = 0x322
                0x00000323                __PJOUT_H = 0x323
                0x00000322                __PJOUT = 0x322
                0x00000324                __PJDIR_L = 0x324
                0x00000325                __PJDIR_H = 0x325
                0x00000324                __PJDIR = 0x324
                0x00000326                __PJREN_L = 0x326
                0x00000327                __PJREN_H = 0x327
                0x00000326                __PJREN = 0x326
                0x00000328                __PJDS_L = 0x328
                0x00000329                __PJDS_H = 0x329
                0x00000328                __PJDS = 0x328
                0x000001c0                __PMAPKEYID_L = 0x1c0
                0x000001c1                __PMAPKEYID_H = 0x1c1
                0x000001c0                __PMAPKEYID = 0x1c0
                0x000001c2                __PMAPCTL_L = 0x1c2
                0x000001c3                __PMAPCTL_H = 0x1c3
                0x000001c2                __PMAPCTL = 0x1c2
                0x000001e0                __P4MAP01_L = 0x1e0
                0x000001e1                __P4MAP01_H = 0x1e1
                0x000001e0                __P4MAP01 = 0x1e0
                0x000001e2                __P4MAP23_L = 0x1e2
                0x000001e3                __P4MAP23_H = 0x1e3
                0x000001e2                __P4MAP23 = 0x1e2
                0x000001e4                __P4MAP45_L = 0x1e4
                0x000001e5                __P4MAP45_H = 0x1e5
                0x000001e4                __P4MAP45 = 0x1e4
                0x000001e6                __P4MAP67_L = 0x1e6
                0x000001e7                __P4MAP67_H = 0x1e7
                0x000001e6                __P4MAP67 = 0x1e6
                0x00000120                __PMMCTL0_L = 0x120
                0x00000121                __PMMCTL0_H = 0x121
                0x00000120                __PMMCTL0 = 0x120
                0x00000122                __PMMCTL1_L = 0x122
                0x00000123                __PMMCTL1_H = 0x123
                0x00000122                __PMMCTL1 = 0x122
                0x00000124                __SVSMHCTL_L = 0x124
                0x00000125                __SVSMHCTL_H = 0x125
                0x00000124                __SVSMHCTL = 0x124
                0x00000126                __SVSMLCTL_L = 0x126
                0x00000127                __SVSMLCTL_H = 0x127
                0x00000126                __SVSMLCTL = 0x126
                0x00000128                __SVSMIO_L = 0x128
                0x00000129                __SVSMIO_H = 0x129
                0x00000128                __SVSMIO = 0x128
                0x0000012c                __PMMIFG_L = 0x12c
                0x0000012d                __PMMIFG_H = 0x12d
                0x0000012c                __PMMIFG = 0x12c
                0x0000012e                __PMMRIE_L = 0x12e
                0x0000012f                __PMMRIE_H = 0x12f
                0x0000012e                __PMMRIE = 0x12e
                0x00000130                __PM5CTL0_L = 0x130
                0x00000131                __PM5CTL0_H = 0x131
                0x00000130                __PM5CTL0 = 0x130
                0x00000158                __RCCTL0_L = 0x158
                0x00000159                __RCCTL0_H = 0x159
                0x00000158                __RCCTL0 = 0x158
                0x000001b0                __REFCTL0_L = 0x1b0
                0x000001b1                __REFCTL0_H = 0x1b1
                0x000001b0                __REFCTL0 = 0x1b0
                0x000004a0                __RTCCTL01_L = 0x4a0
                0x000004a1                __RTCCTL01_H = 0x4a1
                0x000004a0                __RTCCTL01 = 0x4a0
                0x000004a2                __RTCCTL23_L = 0x4a2
                0x000004a3                __RTCCTL23_H = 0x4a3
                0x000004a2                __RTCCTL23 = 0x4a2
                0x000004a8                __RTCPS0CTL_L = 0x4a8
                0x000004a9                __RTCPS0CTL_H = 0x4a9
                0x000004a8                __RTCPS0CTL = 0x4a8
                0x000004aa                __RTCPS1CTL_L = 0x4aa
                0x000004ab                __RTCPS1CTL_H = 0x4ab
                0x000004aa                __RTCPS1CTL = 0x4aa
                0x000004ac                __RTCPS_L = 0x4ac
                0x000004ad                __RTCPS_H = 0x4ad
                0x000004ac                __RTCPS = 0x4ac
                0x000004ae                __RTCIV = 0x4ae
                0x000004b0                __RTCTIM0_L = 0x4b0
                0x000004b1                __RTCTIM0_H = 0x4b1
                0x000004b0                __RTCTIM0 = 0x4b0
                0x000004b2                __RTCTIM1_L = 0x4b2
                0x000004b3                __RTCTIM1_H = 0x4b3
                0x000004b2                __RTCTIM1 = 0x4b2
                0x000004b4                __RTCDATE_L = 0x4b4
                0x000004b5                __RTCDATE_H = 0x4b5
                0x000004b4                __RTCDATE = 0x4b4
                0x000004b6                __RTCYEAR_L = 0x4b6
                0x000004b7                __RTCYEAR_H = 0x4b7
                0x000004b6                __RTCYEAR = 0x4b6
                0x000004b8                __RTCAMINHR_L = 0x4b8
                0x000004b9                __RTCAMINHR_H = 0x4b9
                0x000004b8                __RTCAMINHR = 0x4b8
                0x000004ba                __RTCADOWDAY_L = 0x4ba
                0x000004bb                __RTCADOWDAY_H = 0x4bb
                0x000004ba                __RTCADOWDAY = 0x4ba
                0x00000100                __SFRIE1_L = 0x100
                0x00000101                __SFRIE1_H = 0x101
                0x00000100                __SFRIE1 = 0x100
                0x00000102                __SFRIFG1_L = 0x102
                0x00000103                __SFRIFG1_H = 0x103
                0x00000102                __SFRIFG1 = 0x102
                0x00000104                __SFRRPCR_L = 0x104
                0x00000105                __SFRRPCR_H = 0x105
                0x00000104                __SFRRPCR = 0x104
                0x00000180                __SYSCTL_L = 0x180
                0x00000181                __SYSCTL_H = 0x181
                0x00000180                __SYSCTL = 0x180
                0x00000182                __SYSBSLC_L = 0x182
                0x00000183                __SYSBSLC_H = 0x183
                0x00000182                __SYSBSLC = 0x182
                0x00000186                __SYSJMBC_L = 0x186
                0x00000187                __SYSJMBC_H = 0x187
                0x00000186                __SYSJMBC = 0x186
                0x00000188                __SYSJMBI0_L = 0x188
                0x00000189                __SYSJMBI0_H = 0x189
                0x00000188                __SYSJMBI0 = 0x188
                0x0000018a                __SYSJMBI1_L = 0x18a
                0x0000018b                __SYSJMBI1_H = 0x18b
                0x0000018a                __SYSJMBI1 = 0x18a
                0x0000018c                __SYSJMBO0_L = 0x18c
                0x0000018d                __SYSJMBO0_H = 0x18d
                0x0000018c                __SYSJMBO0 = 0x18c
                0x0000018e                __SYSJMBO1_L = 0x18e
                0x0000018f                __SYSJMBO1_H = 0x18f
                0x0000018e                __SYSJMBO1 = 0x18e
                0x00000198                __SYSBERRIV_L = 0x198
                0x00000199                __SYSBERRIV_H = 0x199
                0x00000198                __SYSBERRIV = 0x198
                0x0000019a                __SYSUNIV_L = 0x19a
                0x0000019b                __SYSUNIV_H = 0x19b
                0x0000019a                __SYSUNIV = 0x19a
                0x0000019c                __SYSSNIV_L = 0x19c
                0x0000019d                __SYSSNIV_H = 0x19d
                0x0000019c                __SYSSNIV = 0x19c
                0x0000019e                __SYSRSTIV_L = 0x19e
                0x0000019f                __SYSRSTIV_H = 0x19f
                0x0000019e                __SYSRSTIV = 0x19e
                0x00000340                __TA0CTL = 0x340
                0x00000342                __TA0CCTL0 = 0x342
                0x00000344                __TA0CCTL1 = 0x344
                0x00000346                __TA0CCTL2 = 0x346
                0x00000348                __TA0CCTL3 = 0x348
                0x0000034a                __TA0CCTL4 = 0x34a
                0x00000350                __TA0R = 0x350
                0x00000352                __TA0CCR0 = 0x352
                0x00000354                __TA0CCR1 = 0x354
                0x00000356                __TA0CCR2 = 0x356
                0x00000358                __TA0CCR3 = 0x358
                0x0000035a                __TA0CCR4 = 0x35a
                0x0000036e                __TA0IV = 0x36e
                0x00000360                __TA0EX0 = 0x360
                0x00000380                __TA1CTL = 0x380
                0x00000382                __TA1CCTL0 = 0x382
                0x00000384                __TA1CCTL1 = 0x384
                0x00000386                __TA1CCTL2 = 0x386
                0x00000390                __TA1R = 0x390
                0x00000392                __TA1CCR0 = 0x392
                0x00000394                __TA1CCR1 = 0x394
                0x00000396                __TA1CCR2 = 0x396
                0x000003ae                __TA1IV = 0x3ae
                0x000003a0                __TA1EX0 = 0x3a0
                0x00000400                __TA2CTL = 0x400
                0x00000402                __TA2CCTL0 = 0x402
                0x00000404                __TA2CCTL1 = 0x404
                0x00000406                __TA2CCTL2 = 0x406
                0x00000410                __TA2R = 0x410
                0x00000412                __TA2CCR0 = 0x412
                0x00000414                __TA2CCR1 = 0x414
                0x00000416                __TA2CCR2 = 0x416
                0x0000042e                __TA2IV = 0x42e
                0x00000420                __TA2EX0 = 0x420
                0x000003c0                __TB0CTL = 0x3c0
                0x000003c2                __TB0CCTL0 = 0x3c2
                0x000003c4                __TB0CCTL1 = 0x3c4
                0x000003c6                __TB0CCTL2 = 0x3c6
                0x000003c8                __TB0CCTL3 = 0x3c8
                0x000003ca                __TB0CCTL4 = 0x3ca
                0x000003cc                __TB0CCTL5 = 0x3cc
                0x000003ce                __TB0CCTL6 = 0x3ce
                0x000003d0                __TB0R = 0x3d0
                0x000003d2                __TB0CCR0 = 0x3d2
                0x000003d4                __TB0CCR1 = 0x3d4
                0x000003d6                __TB0CCR2 = 0x3d6
                0x000003d8                __TB0CCR3 = 0x3d8
                0x000003da                __TB0CCR4 = 0x3da
                0x000003dc                __TB0CCR5 = 0x3dc
                0x000003de                __TB0CCR6 = 0x3de
                0x000003e0                __TB0EX0 = 0x3e0
                0x000003ee                __TB0IV = 0x3ee
                0x00000900                __USBKEYID_L = 0x900
                0x00000901                __USBKEYID_H = 0x901
                0x00000900                __USBKEYID = 0x900
                0x00000902                __USBCNF_L = 0x902
                0x00000903                __USBCNF_H = 0x903
                0x00000902                __USBCNF = 0x902
                0x00000904                __USBPHYCTL_L = 0x904
                0x00000905                __USBPHYCTL_H = 0x905
                0x00000904                __USBPHYCTL = 0x904
                0x00000908                __USBPWRCTL_L = 0x908
                0x00000909                __USBPWRCTL_H = 0x909
                0x00000908                __USBPWRCTL = 0x908
                0x00000910                __USBPLLCTL_L = 0x910
                0x00000911                __USBPLLCTL_H = 0x911
                0x00000910                __USBPLLCTL = 0x910
                0x00000912                __USBPLLDIVB_L = 0x912
                0x00000913                __USBPLLDIVB_H = 0x913
                0x00000912                __USBPLLDIVB = 0x912
                0x00000914                __USBPLLIR_L = 0x914
                0x00000915                __USBPLLIR_H = 0x915
                0x00000914                __USBPLLIR = 0x914
                0x00000920                __USBIEPCNF_0 = 0x920
                0x00000921                __USBIEPCNT_0 = 0x921
                0x00000922                __USBOEPCNF_0 = 0x922
                0x00000923                __USBOEPCNT_0 = 0x923
                0x0000092e                __USBIEPIE = 0x92e
                0x0000092f                __USBOEPIE = 0x92f
                0x00000930                __USBIEPIFG = 0x930
                0x00000931                __USBOEPIFG = 0x931
                0x00000932                __USBVECINT_L = 0x932
                0x00000933                __USBVECINT_H = 0x933
                0x00000932                __USBVECINT = 0x932
                0x00000936                __USBMAINT_L = 0x936
                0x00000937                __USBMAINT_H = 0x937
                0x00000936                __USBMAINT = 0x936
                0x00000938                __USBTSREG_L = 0x938
                0x00000939                __USBTSREG_H = 0x939
                0x00000938                __USBTSREG = 0x938
                0x0000093a                __USBFN_L = 0x93a
                0x0000093b                __USBFN_H = 0x93b
                0x0000093a                __USBFN = 0x93a
                0x0000093c                __USBCTL = 0x93c
                0x0000093d                __USBIE = 0x93d
                0x0000093e                __USBIFG = 0x93e
                0x0000093f                __USBFUNADR = 0x93f
                0x000023ff                __USBIEPSIZXY_7 = 0x23ff
                0x000023fe                __USBIEPBCTY_7 = 0x23fe
                0x000023fd                __USBIEPBBAY_7 = 0x23fd
                0x000023fa                __USBIEPBCTX_7 = 0x23fa
                0x000023f9                __USBIEPBBAX_7 = 0x23f9
                0x000023f8                __USBIEPCNF_7 = 0x23f8
                0x000023f7                __USBIEPSIZXY_6 = 0x23f7
                0x000023f6                __USBIEPBCTY_6 = 0x23f6
                0x000023f5                __USBIEPBBAY_6 = 0x23f5
                0x000023f2                __USBIEPBCTX_6 = 0x23f2
                0x000023f1                __USBIEPBBAX_6 = 0x23f1
                0x000023f0                __USBIEPCNF_6 = 0x23f0
                0x000023ef                __USBIEPSIZXY_5 = 0x23ef
                0x000023ee                __USBIEPBCTY_5 = 0x23ee
                0x000023ed                __USBIEPBBAY_5 = 0x23ed
                0x000023ea                __USBIEPBCTX_5 = 0x23ea
                0x000023e9                __USBIEPBBAX_5 = 0x23e9
                0x000023e8                __USBIEPCNF_5 = 0x23e8
                0x000023e7                __USBIEPSIZXY_4 = 0x23e7
                0x000023e6                __USBIEPBCTY_4 = 0x23e6
                0x000023e5                __USBIEPBBAY_4 = 0x23e5
                0x000023e2                __USBIEPBCTX_4 = 0x23e2
                0x000023e1                __USBIEPBBAX_4 = 0x23e1
                0x000023e0                __USBIEPCNF_4 = 0x23e0
                0x000023df                __USBIEPSIZXY_3 = 0x23df
                0x000023de                __USBIEPBCTY_3 = 0x23de
                0x000023dd                __USBIEPBBAY_3 = 0x23dd
                0x000023da                __USBIEPBCTX_3 = 0x23da
                0x000023d9                __USBIEPBBAX_3 = 0x23d9
                0x000023d8                __USBIEPCNF_3 = 0x23d8
                0x000023d7                __USBIEPSIZXY_2 = 0x23d7
                0x000023d6                __USBIEPBCTY_2 = 0x23d6
                0x000023d5                __USBIEPBBAY_2 = 0x23d5
                0x000023d2                __USBIEPBCTX_2 = 0x23d2
                0x000023d1                __USBIEPBBAX_2 = 0x23d1
                0x000023d0                __USBIEPCNF_2 = 0x23d0
                0x000023cf                __USBIEPSIZXY_1 = 0x23cf
                0x000023ce                __USBIEPBCTY_1 = 0x23ce
                0x000023cd                __USBIEPBBAY_1 = 0x23cd
                0x000023ca                __USBIEPBCTX_1 = 0x23ca
                0x000023c9                __USBIEPBBAX_1 = 0x23c9
                0x000023c8                __USBIEPCNF_1 = 0x23c8
                0x000023bf                __USBOEPSIZXY_7 = 0x23bf
                0x000023be                __USBOEPBCTY_7 = 0x23be
                0x000023bd                __USBOEPBBAY_7 = 0x23bd
                0x000023ba                __USBOEPBCTX_7 = 0x23ba
                0x000023b9                __USBOEPBBAX_7 = 0x23b9
                0x000023b8                __USBOEPCNF_7 = 0x23b8
                0x000023b7                __USBOEPSIZXY_6 = 0x23b7
                0x000023b6                __USBOEPBCTY_6 = 0x23b6
                0x000023b5                __USBOEPBBAY_6 = 0x23b5
                0x000023b2                __USBOEPBCTX_6 = 0x23b2
                0x000023b1                __USBOEPBBAX_6 = 0x23b1
                0x000023b0                __USBOEPCNF_6 = 0x23b0
                0x000023af                __USBOEPSIZXY_5 = 0x23af
                0x000023ae                __USBOEPBCTY_5 = 0x23ae
                0x000023ad                __USBOEPBBAY_5 = 0x23ad
                0x000023aa                __USBOEPBCTX_5 = 0x23aa
                0x000023a9                __USBOEPBBAX_5 = 0x23a9
                0x000023a8                __USBOEPCNF_5 = 0x23a8
                0x000023a7                __USBOEPSIZXY_4 = 0x23a7
                0x000023a6                __USBOEPBCTY_4 = 0x23a6
                0x000023a5                __USBOEPBBAY_4 = 0x23a5
                0x000023a2                __USBOEPBCTX_4 = 0x23a2
                0x000023a1                __USBOEPBBAX_4 = 0x23a1
                0x000023a0                __USBOEPCNF_4 = 0x23a0
                0x0000239f                __USBOEPSIZXY_3 = 0x239f
                0x0000239e                __USBOEPBCTY_3 = 0x239e
                0x0000239d                __USBOEPBBAY_3 = 0x239d
                0x0000239a                __USBOEPBCTX_3 = 0x239a
                0x00002399                __USBOEPBBAX_3 = 0x2399
                0x00002398                __USBOEPCNF_3 = 0x2398
                0x00002397                __USBOEPSIZXY_2 = 0x2397
                0x00002396                __USBOEPBCTY_2 = 0x2396
                0x00002395                __USBOEPBBAY_2 = 0x2395
                0x00002392                __USBOEPBCTX_2 = 0x2392
                0x00002391                __USBOEPBBAX_2 = 0x2391
                0x00002390                __USBOEPCNF_2 = 0x2390
                0x0000238f                __USBOEPSIZXY_1 = 0x238f
                0x0000238e                __USBOEPBCTY_1 = 0x238e
                0x0000238d                __USBOEPBBAY_1 = 0x238d
                0x0000238a                __USBOEPBCTX_1 = 0x238a
                0x00002389                __USBOEPBBAX_1 = 0x2389
                0x00002388                __USBOEPCNF_1 = 0x2388
                0x00002380                __USBSUBLK = 0x2380
                0x00002378                __USBIEP0BUF = 0x2378
                0x00002370                __USBOEP0BUF = 0x2370
                0x0000236f                __USBTOPBUFF = 0x236f
                0x00001c00                __USBSTABUFF = 0x1c00
                0x00000160                __UCSCTL0_L = 0x160
                0x00000161                __UCSCTL0_H = 0x161
                0x00000160                __UCSCTL0 = 0x160
                0x00000162                __UCSCTL1_L = 0x162
                0x00000163                __UCSCTL1_H = 0x163
                0x00000162                __UCSCTL1 = 0x162
                0x00000164                __UCSCTL2_L = 0x164
                0x00000165                __UCSCTL2_H = 0x165
                0x00000164                __UCSCTL2 = 0x164
                0x00000166                __UCSCTL3_L = 0x166
                0x00000167                __UCSCTL3_H = 0x167
                0x00000166                __UCSCTL3 = 0x166
                0x00000168                __UCSCTL4_L = 0x168
                0x00000169                __UCSCTL4_H = 0x169
                0x00000168                __UCSCTL4 = 0x168
                0x0000016a                __UCSCTL5_L = 0x16a
                0x0000016b                __UCSCTL5_H = 0x16b
                0x0000016a                __UCSCTL5 = 0x16a
                0x0000016c                __UCSCTL6_L = 0x16c
                0x0000016d                __UCSCTL6_H = 0x16d
                0x0000016c                __UCSCTL6 = 0x16c
                0x0000016e                __UCSCTL7_L = 0x16e
                0x0000016f                __UCSCTL7_H = 0x16f
                0x0000016e                __UCSCTL7 = 0x16e
                0x00000170                __UCSCTL8_L = 0x170
                0x00000171                __UCSCTL8_H = 0x171
                0x00000170                __UCSCTL8 = 0x170
                0x000005c0                __UCA0CTLW0_L = 0x5c0
                0x000005c1                __UCA0CTLW0_H = 0x5c1
                0x000005c0                __UCA0CTLW0 = 0x5c0
                0x000005c6                __UCA0BRW_L = 0x5c6
                0x000005c7                __UCA0BRW_H = 0x5c7
                0x000005c6                __UCA0BRW = 0x5c6
                0x000005c8                __UCA0MCTL = 0x5c8
                0x000005ca                __UCA0STAT = 0x5ca
                0x000005cc                __UCA0RXBUF = 0x5cc
                0x000005ce                __UCA0TXBUF = 0x5ce
                0x000005d0                __UCA0ABCTL = 0x5d0
                0x000005d2                __UCA0IRCTL_L = 0x5d2
                0x000005d3                __UCA0IRCTL_H = 0x5d3
                0x000005d2                __UCA0IRCTL = 0x5d2
                0x000005dc                __UCA0ICTL_L = 0x5dc
                0x000005dd                __UCA0ICTL_H = 0x5dd
                0x000005dc                __UCA0ICTL = 0x5dc
                0x000005de                __UCA0IV = 0x5de
                0x000005e0                __UCB0CTLW0_L = 0x5e0
                0x000005e1                __UCB0CTLW0_H = 0x5e1
                0x000005e0                __UCB0CTLW0 = 0x5e0
                0x000005e6                __UCB0BRW_L = 0x5e6
                0x000005e7                __UCB0BRW_H = 0x5e7
                0x000005e6                __UCB0BRW = 0x5e6
                0x000005ea                __UCB0STAT = 0x5ea
                0x000005ec                __UCB0RXBUF = 0x5ec
                0x000005ee                __UCB0TXBUF = 0x5ee
                0x000005f0                __UCB0I2COA_L = 0x5f0
                0x000005f1                __UCB0I2COA_H = 0x5f1
                0x000005f0                __UCB0I2COA = 0x5f0
                0x000005f2                __UCB0I2CSA_L = 0x5f2
                0x000005f3                __UCB0I2CSA_H = 0x5f3
                0x000005f2                __UCB0I2CSA = 0x5f2
                0x000005fc                __UCB0ICTL_L = 0x5fc
                0x000005fd                __UCB0ICTL_H = 0x5fd
                0x000005fc                __UCB0ICTL = 0x5fc
                0x000005fe                __UCB0IV = 0x5fe
                0x00000600                __UCA1CTLW0_L = 0x600
                0x00000601                __UCA1CTLW0_H = 0x601
                0x00000600                __UCA1CTLW0 = 0x600
                0x00000606                __UCA1BRW_L = 0x606
                0x00000607                __UCA1BRW_H = 0x607
                0x00000606                __UCA1BRW = 0x606
                0x00000608                __UCA1MCTL = 0x608
                0x0000060a                __UCA1STAT = 0x60a
                0x0000060c                __UCA1RXBUF = 0x60c
                0x0000060e                __UCA1TXBUF = 0x60e
                0x00000610                __UCA1ABCTL = 0x610
                0x00000612                __UCA1IRCTL_L = 0x612
                0x00000613                __UCA1IRCTL_H = 0x613
                0x00000612                __UCA1IRCTL = 0x612
                0x0000061c                __UCA1ICTL_L = 0x61c
                0x0000061d                __UCA1ICTL_H = 0x61d
                0x0000061c                __UCA1ICTL = 0x61c
                0x0000061e                __UCA1IV = 0x61e
                0x00000620                __UCB1CTLW0_L = 0x620
                0x00000621                __UCB1CTLW0_H = 0x621
                0x00000620                __UCB1CTLW0 = 0x620
                0x00000626                __UCB1BRW_L = 0x626
                0x00000627                __UCB1BRW_H = 0x627
                0x00000626                __UCB1BRW = 0x626
                0x0000062a                __UCB1STAT = 0x62a
                0x0000062c                __UCB1RXBUF = 0x62c
                0x0000062e                __UCB1TXBUF = 0x62e
                0x00000630                __UCB1I2COA_L = 0x630
                0x00000631                __UCB1I2COA_H = 0x631
                0x00000630                __UCB1I2COA = 0x630
                0x00000632                __UCB1I2CSA_L = 0x632
                0x00000633                __UCB1I2CSA_H = 0x633
                0x00000632                __UCB1I2CSA = 0x632
                0x0000063c                __UCB1ICTL_L = 0x63c
                0x0000063d                __UCB1ICTL_H = 0x63d
                0x0000063c                __UCB1ICTL = 0x63c
                0x0000063e                __UCB1IV = 0x63e
                0x0000015c                __WDTCTL_L = 0x15c
                0x0000015d                __WDTCTL_H = 0x15d
                0x0000015c                __WDTCTL = 0x15c

.hash
 *(.hash)

.dynsym
 *(.dynsym)

.dynstr
 *(.dynstr)

.gnu.version
 *(.gnu.version)

.gnu.version_d
 *(.gnu.version_d)

.gnu.version_r
 *(.gnu.version_r)

.rel.init
 *(.rel.init)

.rela.init
 *(.rela.init)

.rel.fini
 *(.rel.fini)

.rela.fini
 *(.rela.fini)

.rel.text
 *(.rel.text .rel.text.* .rel.gnu.linkonce.t.*)

.rela.text
 *(.rela.text .rela.text.* .rela.gnu.linkonce.t.*)

.rel.rodata
 *(.rel.rodata .rel.rodata.* .rel.gnu.linkonce.r.*)

.rela.rodata
 *(.rela.rodata .rela.rodata.* .rela.gnu.linkonce.r.*)

.rel.data
 *(.rel.data .rel.data.* .rel.gnu.linkonce.d.*)

.rela.data
 *(.rela.data .rela.data.* .rela.gnu.linkonce.d.*)

.rel.bss
 *(.rel.bss .rel.bss.* .rel.gnu.linkonce.b.*)

.rela.bss
 *(.rela.bss .rela.bss.* .rela.gnu.linkonce.b.*)

.rel.ctors
 *(.rel.ctors)

.rela.ctors
 *(.rela.ctors)

.rel.dtors
 *(.rel.dtors)

.rela.dtors
 *(.rela.dtors)

.rel.got
 *(.rel.got)

.rela.got
 *(.rela.got)

.rel.plt
 *(.rel.plt)

.rela.plt
 *(.rela.plt)

.text           0x00004400     0x16ee
                0x00004400                . = ALIGN (0x2)
 *(.init .init.*)
 *(.init0)
 .init0         0x00004400        0x0 c:/ti/energia-1.6.10e18/hardware/tools/msp430/bin/../lib/gcc/msp430/4.6.3/mcpu-430x/mmpy-16\libcrt0.a(_reset_vector__.o)
                0x00004400                _reset_vector__
 *(.init1)
 .init1         0x00004400        0xc c:/ti/energia-1.6.10e18/hardware/tools/msp430/bin/../lib/gcc/msp430/4.6.3/mcpu-430x/mmpy-16\libcrt0.a(__watchdog_support.o)
                0x00004400                __watchdog_support
 *(.init2)
 .init2         0x0000440c        0x4 c:/ti/energia-1.6.10e18/hardware/tools/msp430/bin/../lib/gcc/msp430/4.6.3/mcpu-430x/mmpy-16\libcrt0.a(__init_stack.o)
                0x0000440c                __init_stack
 *(.init3)
 .init3         0x00004410        0x0 c:/ti/energia-1.6.10e18/hardware/tools/msp430/bin/../lib/gcc/msp430/4.6.3/mcpu-430x/mmpy-16\libcrt0.a(__low_level_init.o)
                0x00004410                __low_level_init
 *(.init4)
 .init4         0x00004410       0x18 c:/ti/energia-1.6.10e18/hardware/tools/msp430/bin/../lib/gcc/msp430/4.6.3/mcpu-430x/mmpy-16\libcrt0.a(_copy_data.o)
                0x00004410                __do_copy_data
 .init4         0x00004428       0x16 c:/ti/energia-1.6.10e18/hardware/tools/msp430/bin/../lib/gcc/msp430/4.6.3/mcpu-430x/mmpy-16\libcrt0.a(_clear_bss.o)
                0x00004428                __do_clear_bss
 *(.init5)
 *(.init6)
 .init6         0x0000443e       0x14 c:/ti/energia-1.6.10e18/hardware/tools/msp430/bin/../lib/gcc/msp430/4.6.3/mcpu-430x/mmpy-16\libcrt0.a(_ctors430.o)
                0x0000443e                __do_global_ctors
 *(.init7)
 *(.init8)
 *(.init9)
 .init9         0x00004452       0x1a D:/Project/TI Contest/Workspace_new/lpmsp430f5529_25_core/Debug\liblpmsp430f5529_25_core.a(main.o)
                0x00004452                main
 *(.fini9)
 .fini9         0x0000446c        0x0 c:/ti/energia-1.6.10e18/hardware/tools/msp430/bin/../lib/gcc/msp430/4.6.3/mcpu-430x/mmpy-16\libcrt0.a(__stop_progExec__.o)
                0x0000446c                __stop_progExec__
 *(.fini8)
 *(.fini7)
 *(.fini6)
 .fini6         0x0000446c       0x14 c:/ti/energia-1.6.10e18/hardware/tools/msp430/bin/../lib/gcc/msp430/4.6.3/mcpu-430x/mmpy-16\libcrt0.a(_dtors430.o)
                0x0000446c                __do_global_dtors
 *(.fini5)
 *(.fini4)
 *(.fini3)
 *(.fini2)
 *(.fini1)
 *(.fini0)
 .fini0         0x00004480        0x6 c:/ti/energia-1.6.10e18/hardware/tools/msp430/bin/../lib/gcc/msp430/4.6.3/mcpu-430x/mmpy-16\libcrt0.a(_endless_loop__.o)
                0x00004480                _endless_loop__
 *(.fini .fini.*)
                0x00004486                . = ALIGN (0x2)
                0x00004486                __ctors_start = .
 *(.ctors)
 .ctors         0x00004486        0x2 ./MuseS_Project_v1.1.o
 .ctors         0x00004488        0x2 D:/Project/TI Contest/Workspace_new/lpmsp430f5529_25_core/Debug\liblpmsp430f5529_25_core.a(HardwareSerial.o)
                0x0000448a                __ctors_end = .
                0x0000448a                __dtors_start = .
 *(.dtors)
 .dtors         0x0000448a        0x2 ./MuseS_Project_v1.1.o
                0x0000448c                __dtors_end = .
                0x0000448c                . = ALIGN (0x2)
 *(.text .text.* .gnu.linkonce.t.*)
 .text          0x0000448c        0x4 c:/ti/energia-1.6.10e18/hardware/tools/msp430/bin/../lib/gcc/msp430/4.6.3/mcpu-430x/mmpy-16/crt0ivtbl64.o
                0x0000448c                __isr_37
                0x0000448c                __isr_47
                0x0000448c                __isr_51
                0x0000448c                __isr_33
                0x0000448c                __isr_32
                0x0000448c                __isr_54
                0x0000448c                __isr_42
                0x0000448c                __isr_49
                0x0000448c                __isr_59
                0x0000448c                __isr_39
                0x0000448c                __isr_53
                0x0000448c                __isr_41
                0x0000448c                __isr_60
                0x0000448c                __isr_36
                0x0000448c                __isr_34
                0x0000448c                __isr_44
                0x0000448c                __isr_61
                0x0000448c                __isr_48
                0x0000448c                __isr_43
                0x0000448c                __isr_50
                0x0000448c                __isr_38
                0x0000448c                __isr_35
                0x0000448c                __isr_58
                0x0000448c                __isr_62
                0x0000448c                __isr_52
                0x0000448c                __isr_40
 .text._Z14Beacon_Catcher6String
                0x00004490       0xec ./Beacon.o
                0x00004490                Beacon_Catcher(String)
 .text._ZN6beaconC1ERKS_
                0x0000457c       0x5a ./Beacon.o
                0x0000457c                beacon::beacon(beacon const&)
 .text._ZN6beaconD1Ev
                0x000045d6       0x34 ./Beacon.o
                0x000045d6                beacon::~beacon()
 .text._Z11Set_Default6beacon
                0x0000460a       0x60 ./Beacon.o
                0x0000460a                Set_Default(beacon)
 .text._ZN6beaconaSERKS_
                0x0000466a       0x5c ./Beacon.o
                0x0000466a                beacon::operator=(beacon const&)
 .text._Z14Beacon_Details6String
                0x000046c6      0x168 ./Beacon.o
                0x000046c6                Beacon_Details(String)
 .text._Z8RSSI_MAXP6beaconh
                0x0000482e       0x36 ./Beacon.o
                0x0000482e                RSSI_MAX(beacon*, unsigned char)
 .text._Z12Check_Beacon6String
                0x00004864       0x52 ./Beacon.o
                0x00004864                Check_Beacon(String)
 .text._ZN6beaconC1Ev
                0x000048b6       0x48 ./MuseS_Project_v1.1.o
                0x000048b6                beacon::beacon()
 .text.setup    0x000048fe       0x42 ./MuseS_Project_v1.1.o
                0x000048fe                setup
 .text._Z41__static_initialization_and_destruction_0ii.constprop.1
                0x00004940       0xb0 ./MuseS_Project_v1.1.o
 .text.loop     0x000049f0      0x1d6 ./MuseS_Project_v1.1.o
                0x000049f0                loop
 .text.startup._GLOBAL__sub_I_Check_Error
                0x00004bc6        0x8 ./MuseS_Project_v1.1.o
 .text.exit._GLOBAL__sub_D_Check_Error
                0x00004bce        0x8 ./MuseS_Project_v1.1.o
 .text.enableXtal
                0x00004bd6       0x4a D:/Project/TI Contest/Workspace_new/lpmsp430f5529_25_core/Debug\liblpmsp430f5529_25_core.a(wiring.o)
                0x00004bd6                enableXtal
 .text.enableWatchDogIntervalMode
                0x00004c20        0xc D:/Project/TI Contest/Workspace_new/lpmsp430f5529_25_core/Debug\liblpmsp430f5529_25_core.a(wiring.o)
                0x00004c20                enableWatchDogIntervalMode
 .text.initClocks
                0x00004c2c       0xee D:/Project/TI Contest/Workspace_new/lpmsp430f5529_25_core/Debug\liblpmsp430f5529_25_core.a(wiring.o)
                0x00004c2c                initClocks
 .text.init     0x00004d1a       0x24 D:/Project/TI Contest/Workspace_new/lpmsp430f5529_25_core/Debug\liblpmsp430f5529_25_core.a(wiring.o)
                0x00004d1a                init
 .text.micros   0x00004d3e       0x34 D:/Project/TI Contest/Workspace_new/lpmsp430f5529_25_core/Debug\liblpmsp430f5529_25_core.a(wiring.o)
                0x00004d3e                micros
 .text.millis   0x00004d72       0x12 D:/Project/TI Contest/Workspace_new/lpmsp430f5529_25_core/Debug\liblpmsp430f5529_25_core.a(wiring.o)
                0x00004d72                millis
 .text.delay    0x00004d84       0x3c D:/Project/TI Contest/Workspace_new/lpmsp430f5529_25_core/Debug\liblpmsp430f5529_25_core.a(wiring.o)
                0x00004d84                delay
 .text.watchdog_isr
                0x00004dc0       0x72 D:/Project/TI Contest/Workspace_new/lpmsp430f5529_25_core/Debug\liblpmsp430f5529_25_core.a(wiring.o)
                0x00004dc0                watchdog_isr
                0x00004dc0                __isr_57
 .text._ZN14HardwareSerial9availableEv
                0x00004e32       0x12 D:/Project/TI Contest/Workspace_new/lpmsp430f5529_25_core/Debug\liblpmsp430f5529_25_core.a(HardwareSerial.o)
                0x00004e32                HardwareSerial::available()
 .text._ZN14HardwareSerial4peekEv
                0x00004e44       0x1e D:/Project/TI Contest/Workspace_new/lpmsp430f5529_25_core/Debug\liblpmsp430f5529_25_core.a(HardwareSerial.o)
                0x00004e44                HardwareSerial::peek()
 .text._ZN14HardwareSerial4readEv
                0x00004e62       0x2c D:/Project/TI Contest/Workspace_new/lpmsp430f5529_25_core/Debug\liblpmsp430f5529_25_core.a(HardwareSerial.o)
                0x00004e62                HardwareSerial::read()
 .text._ZN14HardwareSerial5flushEv
                0x00004e8e       0x12 D:/Project/TI Contest/Workspace_new/lpmsp430f5529_25_core/Debug\liblpmsp430f5529_25_core.a(HardwareSerial.o)
                0x00004e8e                HardwareSerial::flush()
 .text._ZN14HardwareSerial5writeEh
                0x00004ea0       0x3c D:/Project/TI Contest/Workspace_new/lpmsp430f5529_25_core/Debug\liblpmsp430f5529_25_core.a(HardwareSerial.o)
                0x00004ea0                HardwareSerial::write(unsigned char)
 .text._Z11serialEventv
                0x00004edc        0x2 D:/Project/TI Contest/Workspace_new/lpmsp430f5529_25_core/Debug\liblpmsp430f5529_25_core.a(HardwareSerial.o)
                0x00004edc                serialEvent()
 .text._Z12serialEvent1v
                0x00004ede        0x2 D:/Project/TI Contest/Workspace_new/lpmsp430f5529_25_core/Debug\liblpmsp430f5529_25_core.a(HardwareSerial.o)
                0x00004ede                serialEvent1()
 .text._Z14serialEventRunv
                0x00004ee0       0x22 D:/Project/TI Contest/Workspace_new/lpmsp430f5529_25_core/Debug\liblpmsp430f5529_25_core.a(HardwareSerial.o)
                0x00004ee0                serialEventRun()
 .text._ZN14HardwareSerial5beginEm
                0x00004f02      0x118 D:/Project/TI Contest/Workspace_new/lpmsp430f5529_25_core/Debug\liblpmsp430f5529_25_core.a(HardwareSerial.o)
                0x00004f02                HardwareSerial::begin(unsigned long)
 .text.uart_rx_isr
                0x0000501a       0x3a D:/Project/TI Contest/Workspace_new/lpmsp430f5529_25_core/Debug\liblpmsp430f5529_25_core.a(HardwareSerial.o)
                0x0000501a                uart_rx_isr
 .text.uart_tx_isr
                0x00005054       0x56 D:/Project/TI Contest/Workspace_new/lpmsp430f5529_25_core/Debug\liblpmsp430f5529_25_core.a(HardwareSerial.o)
                0x00005054                uart_tx_isr
 .text.startup._GLOBAL__sub_I_rx_buffer
                0x000050aa       0x8a D:/Project/TI Contest/Workspace_new/lpmsp430f5529_25_core/Debug\liblpmsp430f5529_25_core.a(HardwareSerial.o)
 .text._ZN5Print5writeEPKhj
                0x00005134       0x22 D:/Project/TI Contest/Workspace_new/lpmsp430f5529_25_core/Debug\liblpmsp430f5529_25_core.a(Print.o)
                0x00005134                Print::write(unsigned char const*, unsigned int)
 .text._ZN5Print5printERK6String
                0x00005156       0x2e D:/Project/TI Contest/Workspace_new/lpmsp430f5529_25_core/Debug\liblpmsp430f5529_25_core.a(Print.o)
                0x00005156                Print::print(String const&)
 .text._ZN5Print5printEPKc
                0x00005184       0x16 D:/Project/TI Contest/Workspace_new/lpmsp430f5529_25_core/Debug\liblpmsp430f5529_25_core.a(Print.o)
                0x00005184                Print::print(char const*)
 .text._ZN5Print5printEc
                0x0000519a        0x6 D:/Project/TI Contest/Workspace_new/lpmsp430f5529_25_core/Debug\liblpmsp430f5529_25_core.a(Print.o)
                0x0000519a                Print::print(char)
 .text._ZN5Print7printlnEv
                0x000051a0       0x1e D:/Project/TI Contest/Workspace_new/lpmsp430f5529_25_core/Debug\liblpmsp430f5529_25_core.a(Print.o)
                0x000051a0                Print::println()
 .text._ZN5Print7printlnERK6String
                0x000051be       0x16 D:/Project/TI Contest/Workspace_new/lpmsp430f5529_25_core/Debug\liblpmsp430f5529_25_core.a(Print.o)
                0x000051be                Print::println(String const&)
 .text._ZN5Print7printlnEPKc
                0x000051d4       0x16 D:/Project/TI Contest/Workspace_new/lpmsp430f5529_25_core/Debug\liblpmsp430f5529_25_core.a(Print.o)
                0x000051d4                Print::println(char const*)
 .text._ZN6Stream9timedReadEv
                0x000051ea       0x3c D:/Project/TI Contest/Workspace_new/lpmsp430f5529_25_core/Debug\liblpmsp430f5529_25_core.a(Stream.o)
                0x000051ea                Stream::timedRead()
 .text._ZN6Stream10readStringEv
                0x00005226       0x2a D:/Project/TI Contest/Workspace_new/lpmsp430f5529_25_core/Debug\liblpmsp430f5529_25_core.a(Stream.o)
                0x00005226                Stream::readString()
 .text._ZN6StringD2Ev
                0x00005250        0x8 D:/Project/TI Contest/Workspace_new/lpmsp430f5529_25_core/Debug\liblpmsp430f5529_25_core.a(WString.o)
                0x00005250                String::~String()
                0x00005250                String::~String()
 .text._ZN6String10invalidateEv
                0x00005258       0x1e D:/Project/TI Contest/Workspace_new/lpmsp430f5529_25_core/Debug\liblpmsp430f5529_25_core.a(WString.o)
                0x00005258                String::invalidate()
 .text._ZN6String12changeBufferEj
                0x00005276       0x36 D:/Project/TI Contest/Workspace_new/lpmsp430f5529_25_core/Debug\liblpmsp430f5529_25_core.a(WString.o)
                0x00005276                String::changeBuffer(unsigned int)
 .text._ZN6String7reserveEj
                0x000052ac       0x32 D:/Project/TI Contest/Workspace_new/lpmsp430f5529_25_core/Debug\liblpmsp430f5529_25_core.a(WString.o)
                0x000052ac                String::reserve(unsigned int)
 .text._ZN6String4copyEPKcj
                0x000052de       0x2c D:/Project/TI Contest/Workspace_new/lpmsp430f5529_25_core/Debug\liblpmsp430f5529_25_core.a(WString.o)
                0x000052de                String::copy(char const*, unsigned int)
 .text._ZN6StringC2EPKc
                0x0000530a       0x24 D:/Project/TI Contest/Workspace_new/lpmsp430f5529_25_core/Debug\liblpmsp430f5529_25_core.a(WString.o)
                0x0000530a                String::String(char const*)
                0x0000530a                String::String(char const*)
 .text._ZN6StringaSERKS_
                0x0000532e       0x24 D:/Project/TI Contest/Workspace_new/lpmsp430f5529_25_core/Debug\liblpmsp430f5529_25_core.a(WString.o)
                0x0000532e                String::operator=(String const&)
 .text._ZN6StringC2ERKS_
                0x00005352       0x12 D:/Project/TI Contest/Workspace_new/lpmsp430f5529_25_core/Debug\liblpmsp430f5529_25_core.a(WString.o)
                0x00005352                String::String(String const&)
                0x00005352                String::String(String const&)
 .text._ZN6StringaSEPKc
                0x00005364       0x28 D:/Project/TI Contest/Workspace_new/lpmsp430f5529_25_core/Debug\liblpmsp430f5529_25_core.a(WString.o)
                0x00005364                String::operator=(char const*)
 .text._ZN6String6concatEPKcj
                0x0000538c       0x38 D:/Project/TI Contest/Workspace_new/lpmsp430f5529_25_core/Debug\liblpmsp430f5529_25_core.a(WString.o)
                0x0000538c                String::concat(char const*, unsigned int)
 .text._ZN6String6concatEc
                0x000053c4       0x16 D:/Project/TI Contest/Workspace_new/lpmsp430f5529_25_core/Debug\liblpmsp430f5529_25_core.a(WString.o)
                0x000053c4                String::concat(char)
 .text._ZNK6String6equalsEPKc
                0x000053da       0x36 D:/Project/TI Contest/Workspace_new/lpmsp430f5529_25_core/Debug\liblpmsp430f5529_25_core.a(WString.o)
                0x000053da                String::equals(char const*) const
 .text._ZN6StringixEj
                0x00005410       0x1a D:/Project/TI Contest/Workspace_new/lpmsp430f5529_25_core/Debug\liblpmsp430f5529_25_core.a(WString.o)
                0x00005410                String::operator[](unsigned int)
 .text._ZNK6StringixEj
                0x0000542a       0x1a D:/Project/TI Contest/Workspace_new/lpmsp430f5529_25_core/Debug\liblpmsp430f5529_25_core.a(WString.o)
                0x0000542a                String::operator[](unsigned int) const
 .text._ZNK6String11lastIndexOfERKS_j
                0x00005444       0x7c D:/Project/TI Contest/Workspace_new/lpmsp430f5529_25_core/Debug\liblpmsp430f5529_25_core.a(WString.o)
                0x00005444                String::lastIndexOf(String const&, unsigned int) const
 .text._ZNK6String11lastIndexOfERKS_
                0x000054c0        0xe D:/Project/TI Contest/Workspace_new/lpmsp430f5529_25_core/Debug\liblpmsp430f5529_25_core.a(WString.o)
                0x000054c0                String::lastIndexOf(String const&) const
 .text._ZN6String6removeEjj
                0x000054ce       0x40 D:/Project/TI Contest/Workspace_new/lpmsp430f5529_25_core/Debug\liblpmsp430f5529_25_core.a(WString.o)
                0x000054ce                String::remove(unsigned int, unsigned int)
 .text.usci_isr_install
                0x0000550e        0x2 D:/Project/TI Contest/Workspace_new/lpmsp430f5529_25_core/Debug\liblpmsp430f5529_25_core.a(usci_isr_handler.o)
                0x0000550e                usci_isr_install
 .text.USCIA0_ISR
                0x00005510       0x38 D:/Project/TI Contest/Workspace_new/lpmsp430f5529_25_core/Debug\liblpmsp430f5529_25_core.a(usci_isr_handler.o)
                0x00005510                __isr_56
                0x00005510                USCIA0_ISR
 .text.USCIA1_ISR
                0x00005548       0x3c D:/Project/TI Contest/Workspace_new/lpmsp430f5529_25_core/Debug\liblpmsp430f5529_25_core.a(usci_isr_handler.o)
                0x00005548                USCIA1_ISR
                0x00005548                __isr_46
 .text.USCIB0_ISR
                0x00005584       0x54 D:/Project/TI Contest/Workspace_new/lpmsp430f5529_25_core/Debug\liblpmsp430f5529_25_core.a(usci_isr_handler.o)
                0x00005584                USCIB0_ISR
                0x00005584                __isr_55
 .text.USCIB1_ISR
                0x000055d8       0x54 D:/Project/TI Contest/Workspace_new/lpmsp430f5529_25_core/Debug\liblpmsp430f5529_25_core.a(usci_isr_handler.o)
                0x000055d8                __isr_45
                0x000055d8                USCIB1_ISR
 .text.pinMode_int
                0x0000562c      0x100 D:/Project/TI Contest/Workspace_new/lpmsp430f5529_25_core/Debug\liblpmsp430f5529_25_core.a(wiring_digital.o)
                0x0000562c                pinMode_int
 .text.i2c_txrx_isr
                0x0000572c      0x104 D:/Project/TI Contest/Workspace_new/lpmsp430f5529_25_core/Debug\liblpmsp430f5529_25_core.a(twi.o)
                0x0000572c                i2c_txrx_isr
 .text.i2c_state_isr
                0x00005830       0xcc D:/Project/TI Contest/Workspace_new/lpmsp430f5529_25_core/Debug\liblpmsp430f5529_25_core.a(twi.o)
                0x00005830                i2c_state_isr
 .text.libgcc   0x000058fc       0x38 c:/ti/energia-1.6.10e18/hardware/tools/msp430/bin/../lib/gcc/msp430/4.6.3/mcpu-430x/mmpy-16\libgcc.a(_udivmod32.o)
                0x000058fc                __ext_udivmod32
                0x000058fc                __udivsi3
                0x0000592a                __umodsi3
 .text          0x00005934       0x1e c:/ti/energia-1.6.10e18/hardware/tools/msp430/bin/../lib/gcc/msp430/4.6.3/../../../../msp430/lib/mcpu-430x/mmpy-16\libc.a(strcmp.o)
                0x00005934                strcmp
 .text          0x00005952       0x28 c:/ti/energia-1.6.10e18/hardware/tools/msp430/bin/../lib/gcc/msp430/4.6.3/../../../../msp430/lib/mcpu-430x/mmpy-16\libc.a(strncmp.o)
                0x00005952                strncmp
 .text          0x0000597a       0x14 c:/ti/energia-1.6.10e18/hardware/tools/msp430/bin/../lib/gcc/msp430/4.6.3/../../../../msp430/lib/mcpu-430x/mmpy-16\libc.a(strcpy.o)
                0x0000597a                strcpy
 .text          0x0000598e       0x2a c:/ti/energia-1.6.10e18/hardware/tools/msp430/bin/../lib/gcc/msp430/4.6.3/../../../../msp430/lib/mcpu-430x/mmpy-16\libc.a(strncpy.o)
                0x0000598e                strncpy
 .text          0x000059b8       0x46 c:/ti/energia-1.6.10e18/hardware/tools/msp430/bin/../lib/gcc/msp430/4.6.3/../../../../msp430/lib/mcpu-430x/mmpy-16\libc.a(strstr.o)
                0x000059b8                strstr
 .text          0x000059fe       0xee c:/ti/energia-1.6.10e18/hardware/tools/msp430/bin/../lib/gcc/msp430/4.6.3/../../../../msp430/lib/mcpu-430x/mmpy-16\libc.a(malloc.o)
                0x000059fe                malloc
                0x00005ae4                free
 .text.crt0     0x00005aec        0x2 c:/ti/energia-1.6.10e18/hardware/tools/msp430/bin/../lib/gcc/msp430/4.6.3/mcpu-430x/mmpy-16\libcrt0.a(_unexpected_.o)
                0x00005aec                _unexpected_
                0x00005aee                . = ALIGN (0x2)

.rodata         0x00005aee      0x1b0
                0x00005aee                . = ALIGN (0x2)
 *(.rodata .rodata.* .gnu.linkonce.r.*)
 .rodata._Z14Beacon_Catcher6String
                0x00005aee       0x12 ./Beacon.o
 .rodata._Z11Set_Default6beacon
                0x00005b00       0x3b ./Beacon.o
 .rodata._Z14Beacon_Details6String
                0x00005b3b       0x12 ./Beacon.o
 .rodata._ZN6beaconC1Ev
                0x00005b4d        0x1 ./MuseS_Project_v1.1.o
 .rodata.setup  0x00005b4e       0x23 ./MuseS_Project_v1.1.o
 .rodata.loop   0x00005b71       0x62 ./MuseS_Project_v1.1.o
 *fill*         0x00005bd3        0x1 00
 .rodata._ZTV14HardwareSerial
                0x00005bd4       0x10 D:/Project/TI Contest/Workspace_new/lpmsp430f5529_25_core/Debug\liblpmsp430f5529_25_core.a(HardwareSerial.o)
                0x00005bd4                vtable for HardwareSerial
 .rodata._ZN6Stream4findEPc
                0x00005be4        0x1 D:/Project/TI Contest/Workspace_new/lpmsp430f5529_25_core/Debug\liblpmsp430f5529_25_core.a(Stream.o)
 .rodata.digital_pin_to_bit_mask
                0x00005be5       0x2f D:/Project/TI Contest/Workspace_new/lpmsp430f5529_25_core/Debug\liblpmsp430f5529_25_core.a(wiring_digital.o)
                0x00005be5                digital_pin_to_bit_mask
 .rodata.digital_pin_to_port
                0x00005c14       0x2f D:/Project/TI Contest/Workspace_new/lpmsp430f5529_25_core/Debug\liblpmsp430f5529_25_core.a(wiring_digital.o)
                0x00005c14                digital_pin_to_port
 *fill*         0x00005c43        0x1 00
 .rodata.port_to_pmap
                0x00005c44       0x12 D:/Project/TI Contest/Workspace_new/lpmsp430f5529_25_core/Debug\liblpmsp430f5529_25_core.a(wiring_digital.o)
                0x00005c44                port_to_pmap
 .rodata.port_to_sel0
                0x00005c56       0x12 D:/Project/TI Contest/Workspace_new/lpmsp430f5529_25_core/Debug\liblpmsp430f5529_25_core.a(wiring_digital.o)
                0x00005c56                port_to_sel0
 .rodata.port_to_ren
                0x00005c68       0x12 D:/Project/TI Contest/Workspace_new/lpmsp430f5529_25_core/Debug\liblpmsp430f5529_25_core.a(wiring_digital.o)
                0x00005c68                port_to_ren
 .rodata.port_to_dir
                0x00005c7a       0x12 D:/Project/TI Contest/Workspace_new/lpmsp430f5529_25_core/Debug\liblpmsp430f5529_25_core.a(wiring_digital.o)
                0x00005c7a                port_to_dir
 .rodata.port_to_output
                0x00005c8c       0x12 D:/Project/TI Contest/Workspace_new/lpmsp430f5529_25_core/Debug\liblpmsp430f5529_25_core.a(wiring_digital.o)
                0x00005c8c                port_to_output
                0x00005c9e                . = ALIGN (0x2)
                0x00005c9e                _etext = .

.data           0x00002400        0x2 load address 0x00005c9e
                0x00002400                . = ALIGN (0x2)
                0x00002400                PROVIDE (__data_start, .)
 *(.data .data.* .gnu.linkonce.d.*)
 .data.I2C_baseAddress
                0x00002400        0x2 D:/Project/TI Contest/Workspace_new/lpmsp430f5529_25_core/Debug\liblpmsp430f5529_25_core.a(twi.o)
                0x00002400                I2C_baseAddress
                0x00002402                . = ALIGN (0x2)
                0x00002402                _edata = .
                0x00005c9e                PROVIDE (__data_load_start, LOADADDR (.data))
                0x00000002                PROVIDE (__data_size, SIZEOF (.data))

.bss            0x00002402      0x1c8 load address 0x00005ca0
                0x00002402                PROVIDE (__bss_start, .)
 *(.bss .bss.*)
 .bss.Beacon_Array
                0x00002402       0x1e ./MuseS_Project_v1.1.o
                0x00002402                Beacon_Array
 .bss.Beacon_Raw
                0x00002420        0x6 ./MuseS_Project_v1.1.o
                0x00002420                Beacon_Raw
 .bss.Chosen_Beacon
                0x00002426       0x22 ./MuseS_Project_v1.1.o
                0x00002426                Chosen_Beacon
 .bss.Beacon    0x00002448       0xaa ./MuseS_Project_v1.1.o
                0x00002448                Beacon
 .bss.Check_Error
                0x000024f2        0x1 ./MuseS_Project_v1.1.o
                0x000024f2                Check_Error
 .bss.stay_asleep
                0x000024f3        0x1 D:/Project/TI Contest/Workspace_new/lpmsp430f5529_25_core/Debug\liblpmsp430f5529_25_core.a(wiring.o)
                0x000024f3                stay_asleep
 .bss.sleeping  0x000024f4        0x1 D:/Project/TI Contest/Workspace_new/lpmsp430f5529_25_core/Debug\liblpmsp430f5529_25_core.a(wiring.o)
                0x000024f4                sleeping
 *fill*         0x000024f5        0x1 00
 .bss.wdt_fract
                0x000024f6        0x2 D:/Project/TI Contest/Workspace_new/lpmsp430f5529_25_core/Debug\liblpmsp430f5529_25_core.a(wiring.o)
                0x000024f6                wdt_fract
 .bss.wdt_millis
                0x000024f8        0x4 D:/Project/TI Contest/Workspace_new/lpmsp430f5529_25_core/Debug\liblpmsp430f5529_25_core.a(wiring.o)
                0x000024f8                wdt_millis
 .bss.wdt_overflow_count
                0x000024fc        0x4 D:/Project/TI Contest/Workspace_new/lpmsp430f5529_25_core/Debug\liblpmsp430f5529_25_core.a(wiring.o)
                0x000024fc                wdt_overflow_count
 .bss.Serial1   0x00002500       0x1a D:/Project/TI Contest/Workspace_new/lpmsp430f5529_25_core/Debug\liblpmsp430f5529_25_core.a(HardwareSerial.o)
                0x00002500                Serial1
 .bss.Serial    0x0000251a       0x1a D:/Project/TI Contest/Workspace_new/lpmsp430f5529_25_core/Debug\liblpmsp430f5529_25_core.a(HardwareSerial.o)
                0x0000251a                Serial
 .bss.tx_buffer1
                0x00002534       0x14 D:/Project/TI Contest/Workspace_new/lpmsp430f5529_25_core/Debug\liblpmsp430f5529_25_core.a(HardwareSerial.o)
                0x00002534                tx_buffer1
 .bss.rx_buffer1
                0x00002548       0x14 D:/Project/TI Contest/Workspace_new/lpmsp430f5529_25_core/Debug\liblpmsp430f5529_25_core.a(HardwareSerial.o)
                0x00002548                rx_buffer1
 .bss.tx_buffer
                0x0000255c       0x14 D:/Project/TI Contest/Workspace_new/lpmsp430f5529_25_core/Debug\liblpmsp430f5529_25_core.a(HardwareSerial.o)
                0x0000255c                tx_buffer
 .bss.rx_buffer
                0x00002570       0x14 D:/Project/TI Contest/Workspace_new/lpmsp430f5529_25_core/Debug\liblpmsp430f5529_25_core.a(HardwareSerial.o)
                0x00002570                rx_buffer
 .bss._ZZN6StringixEjE19dummy_writable_char
                0x00002584        0x1 D:/Project/TI Contest/Workspace_new/lpmsp430f5529_25_core/Debug\liblpmsp430f5529_25_core.a(WString.o)
 .bss.still_asleep
                0x00002585        0x1 D:/Project/TI Contest/Workspace_new/lpmsp430f5529_25_core/Debug\liblpmsp430f5529_25_core.a(usci_isr_handler.o)
 .bss.twi_error
                0x00002586        0x1 D:/Project/TI Contest/Workspace_new/lpmsp430f5529_25_core/Debug\liblpmsp430f5529_25_core.a(twi.o)
 .bss.twi_rxBufferIndex
                0x00002587        0x1 D:/Project/TI Contest/Workspace_new/lpmsp430f5529_25_core/Debug\liblpmsp430f5529_25_core.a(twi.o)
 .bss.twi_txBufferLength
                0x00002588        0x1 D:/Project/TI Contest/Workspace_new/lpmsp430f5529_25_core/Debug\liblpmsp430f5529_25_core.a(twi.o)
 .bss.twi_txBufferIndex
                0x00002589        0x1 D:/Project/TI Contest/Workspace_new/lpmsp430f5529_25_core/Debug\liblpmsp430f5529_25_core.a(twi.o)
 .bss.twi_masterBufferIndex
                0x0000258a        0x1 D:/Project/TI Contest/Workspace_new/lpmsp430f5529_25_core/Debug\liblpmsp430f5529_25_core.a(twi.o)
 .bss.twi_inRepStart
                0x0000258b        0x1 D:/Project/TI Contest/Workspace_new/lpmsp430f5529_25_core/Debug\liblpmsp430f5529_25_core.a(twi.o)
 .bss.twi_sendStop
                0x0000258c        0x1 D:/Project/TI Contest/Workspace_new/lpmsp430f5529_25_core/Debug\liblpmsp430f5529_25_core.a(twi.o)
 .bss.twi_state
                0x0000258d        0x1 D:/Project/TI Contest/Workspace_new/lpmsp430f5529_25_core/Debug\liblpmsp430f5529_25_core.a(twi.o)
 .bss.twi_masterBufferLength
                0x0000258e        0x1 D:/Project/TI Contest/Workspace_new/lpmsp430f5529_25_core/Debug\liblpmsp430f5529_25_core.a(twi.o)
 .bss.twi_masterBuffer
                0x0000258f       0x10 D:/Project/TI Contest/Workspace_new/lpmsp430f5529_25_core/Debug\liblpmsp430f5529_25_core.a(twi.o)
 .bss.twi_txBuffer
                0x0000259f       0x10 D:/Project/TI Contest/Workspace_new/lpmsp430f5529_25_core/Debug\liblpmsp430f5529_25_core.a(twi.o)
 *fill*         0x000025af        0x1 00
 .bss.twi_onSlaveReceive
                0x000025b0        0x2 D:/Project/TI Contest/Workspace_new/lpmsp430f5529_25_core/Debug\liblpmsp430f5529_25_core.a(twi.o)
 .bss.twi_onSlaveTransmit
                0x000025b2        0x2 D:/Project/TI Contest/Workspace_new/lpmsp430f5529_25_core/Debug\liblpmsp430f5529_25_core.a(twi.o)
 .bss.twi_rxBuffer
                0x000025b4       0x10 D:/Project/TI Contest/Workspace_new/lpmsp430f5529_25_core/Debug\liblpmsp430f5529_25_core.a(twi.o)
 .bss           0x000025c4        0x1 c:/ti/energia-1.6.10e18/hardware/tools/msp430/bin/../lib/gcc/msp430/4.6.3/../../../../msp430/lib/mcpu-430x/mmpy-16\libc.a(malloc.o)
 *(COMMON)
 *fill*         0x000025c5        0x1 00
 COMMON         0x000025c6        0x4 D:/Project/TI Contest/Workspace_new/lpmsp430f5529_25_core/Debug\liblpmsp430f5529_25_core.a(wiring.o)
                0x000025c6                SMILLIS_INC
                0x000025c8                SFRACT_INC
                0x000025ca                . = ALIGN (0x2)
                0x000025ca                PROVIDE (__bss_end, .)
                0x000001c8                PROVIDE (__bss_size, SIZEOF (.bss))

.noinit         0x000025ca        0x2 load address 0x00005ca0
                0x000025ca                PROVIDE (__noinit_start, .)
 *(.noinit .noinit.*)
 .noinit.crt0   0x000025ca        0x2 c:/ti/energia-1.6.10e18/hardware/tools/msp430/bin/../lib/gcc/msp430/4.6.3/mcpu-430x/mmpy-16\libcrt0.a(__watchdog_support.o)
                0x000025ca                __wdt_clear_value
                0x000025cc                . = ALIGN (0x2)
                0x000025cc                PROVIDE (__noinit_end, .)
                0x000025cc                . = ALIGN (0x2)
                0x000025cc                _end = .

.infomem        0x00001800        0x0
 *(.infomem)
                0x00001800                . = ALIGN (0x2)
 *(.infomem.*)

.infomemnobits  0x00001800        0x0
 *(.infomemnobits)
                0x00001800                . = ALIGN (0x2)
 *(.infomemnobits.*)

.infoa
 *(.infoa .infoa.*)

.infob
 *(.infob .infob.*)

.infoc
 *(.infoc .infoc.*)

.infod
 *(.infod .infod.*)

.vectors        0x0000ff80       0x80
                0x0000ff80                PROVIDE (__vectors_start, .)
 *(.vectors*)
 .vectors       0x0000ff80       0x80 c:/ti/energia-1.6.10e18/hardware/tools/msp430/bin/../lib/gcc/msp430/4.6.3/mcpu-430x/mmpy-16/crt0ivtbl64.o
                0x0000ff80                __ivtbl_64
                0x00010000                _vectors_end = .

.fartext        0x00010000        0x0
                0x00010000                . = ALIGN (0x2)
 *(.fartext)
                0x00010000                . = ALIGN (0x2)
 *(.fartext.*)
                0x00010000                _efartext = .

.profiler
 *(.profiler)

.stab
 *(.stab)

.stabstr
 *(.stabstr)

.stab.excl
 *(.stab.excl)

.stab.exclstr
 *(.stab.exclstr)

.stab.index
 *(.stab.index)

.stab.indexstr
 *(.stab.indexstr)

.comment
 *(.comment)

.debug
 *(.debug)

.line
 *(.line)

.debug_srcinfo
 *(.debug_srcinfo)

.debug_sfnames
 *(.debug_sfnames)

.debug_aranges  0x00000000      0x858
 *(.debug_aranges)
 .debug_aranges
                0x00000000       0x30 ./Beacon.o
 .debug_aranges
                0x00000030       0xe0 ./DFPlayer_Mini_Mp3.o
 .debug_aranges
                0x00000110       0x30 ./MuseS_Project_v1.1.o
 .debug_aranges
                0x00000140       0x48 D:/Project/TI Contest/Workspace_new/lpmsp430f5529_25_core/Debug\liblpmsp430f5529_25_core.a(wiring.o)
 .debug_aranges
                0x00000188       0x48 D:/Project/TI Contest/Workspace_new/lpmsp430f5529_25_core/Debug\liblpmsp430f5529_25_core.a(HardwareSerial.o)
 .debug_aranges
                0x000001d0       0x14 D:/Project/TI Contest/Workspace_new/lpmsp430f5529_25_core/Debug\liblpmsp430f5529_25_core.a(main.o)
 .debug_aranges
                0x000001e4       0x70 D:/Project/TI Contest/Workspace_new/lpmsp430f5529_25_core/Debug\liblpmsp430f5529_25_core.a(Print.o)
 .debug_aranges
                0x00000254       0x50 D:/Project/TI Contest/Workspace_new/lpmsp430f5529_25_core/Debug\liblpmsp430f5529_25_core.a(Stream.o)
 .debug_aranges
                0x000002a4      0x144 D:/Project/TI Contest/Workspace_new/lpmsp430f5529_25_core/Debug\liblpmsp430f5529_25_core.a(WString.o)
 .debug_aranges
                0x000003e8       0x14 D:/Project/TI Contest/Workspace_new/lpmsp430f5529_25_core/Debug\liblpmsp430f5529_25_core.a(atof.o)
 .debug_aranges
                0x000003fc       0x14 D:/Project/TI Contest/Workspace_new/lpmsp430f5529_25_core/Debug\liblpmsp430f5529_25_core.a(dtostrf.o)
 .debug_aranges
                0x00000410       0x20 D:/Project/TI Contest/Workspace_new/lpmsp430f5529_25_core/Debug\liblpmsp430f5529_25_core.a(itoa.o)
 .debug_aranges
                0x00000430       0x24 D:/Project/TI Contest/Workspace_new/lpmsp430f5529_25_core/Debug\liblpmsp430f5529_25_core.a(usci_isr_handler.o)
 .debug_aranges
                0x00000454       0x20 D:/Project/TI Contest/Workspace_new/lpmsp430f5529_25_core/Debug\liblpmsp430f5529_25_core.a(wiring_digital.o)
 .debug_aranges
                0x00000474       0x28 D:/Project/TI Contest/Workspace_new/lpmsp430f5529_25_core/Debug\liblpmsp430f5529_25_core.a(new.o)
 .debug_aranges
                0x0000049c       0x38 D:/Project/TI Contest/Workspace_new/lpmsp430f5529_25_core/Debug\liblpmsp430f5529_25_core.a(twi.o)
 .debug_aranges
                0x000004d4       0x14 c:/ti/energia-1.6.10e18/hardware/tools/msp430/bin/../lib/gcc/msp430/4.6.3/../../../../msp430/lib/mcpu-430x/mmpy-16\libm.a(ef_pow.o)
 .debug_aranges
                0x000004e8       0x14 c:/ti/energia-1.6.10e18/hardware/tools/msp430/bin/../lib/gcc/msp430/4.6.3/../../../../msp430/lib/mcpu-430x/mmpy-16\libm.a(sf_scalbn.o)
 .debug_aranges
                0x000004fc       0x14 c:/ti/energia-1.6.10e18/hardware/tools/msp430/bin/../lib/gcc/msp430/4.6.3/../../../../msp430/lib/mcpu-430x/mmpy-16\libm.a(ef_sqrt.o)
 .debug_aranges
                0x00000510       0x14 c:/ti/energia-1.6.10e18/hardware/tools/msp430/bin/../lib/gcc/msp430/4.6.3/mcpu-430x/mmpy-16\libgcc.a(_udivmod16.o)
 .debug_aranges
                0x00000524       0x14 c:/ti/energia-1.6.10e18/hardware/tools/msp430/bin/../lib/gcc/msp430/4.6.3/mcpu-430x/mmpy-16\libgcc.a(_udivmod32.o)
 .debug_aranges
                0x00000538       0x14 c:/ti/energia-1.6.10e18/hardware/tools/msp430/bin/../lib/gcc/msp430/4.6.3/mcpu-430x/mmpy-16\libgcc.a(_fixunssfsi.o)
 .debug_aranges
                0x0000054c       0x14 c:/ti/energia-1.6.10e18/hardware/tools/msp430/bin/../lib/gcc/msp430/4.6.3/mcpu-430x/mmpy-16\libgcc.a(_addsub_sf.o)
 .debug_aranges
                0x00000560       0x14 c:/ti/energia-1.6.10e18/hardware/tools/msp430/bin/../lib/gcc/msp430/4.6.3/mcpu-430x/mmpy-16\libgcc.a(_mul_sf.o)
 .debug_aranges
                0x00000574       0x14 c:/ti/energia-1.6.10e18/hardware/tools/msp430/bin/../lib/gcc/msp430/4.6.3/mcpu-430x/mmpy-16\libgcc.a(_div_sf.o)
 .debug_aranges
                0x00000588       0x14 c:/ti/energia-1.6.10e18/hardware/tools/msp430/bin/../lib/gcc/msp430/4.6.3/mcpu-430x/mmpy-16\libgcc.a(_gt_sf.o)
 .debug_aranges
                0x0000059c       0x14 c:/ti/energia-1.6.10e18/hardware/tools/msp430/bin/../lib/gcc/msp430/4.6.3/mcpu-430x/mmpy-16\libgcc.a(_ge_sf.o)
 .debug_aranges
                0x000005b0       0x14 c:/ti/energia-1.6.10e18/hardware/tools/msp430/bin/../lib/gcc/msp430/4.6.3/mcpu-430x/mmpy-16\libgcc.a(_lt_sf.o)
 .debug_aranges
                0x000005c4       0x14 c:/ti/energia-1.6.10e18/hardware/tools/msp430/bin/../lib/gcc/msp430/4.6.3/mcpu-430x/mmpy-16\libgcc.a(_le_sf.o)
 .debug_aranges
                0x000005d8       0x14 c:/ti/energia-1.6.10e18/hardware/tools/msp430/bin/../lib/gcc/msp430/4.6.3/mcpu-430x/mmpy-16\libgcc.a(_si_to_sf.o)
 .debug_aranges
                0x000005ec       0x14 c:/ti/energia-1.6.10e18/hardware/tools/msp430/bin/../lib/gcc/msp430/4.6.3/mcpu-430x/mmpy-16\libgcc.a(_sf_to_si.o)
 .debug_aranges
                0x00000600       0x14 c:/ti/energia-1.6.10e18/hardware/tools/msp430/bin/../lib/gcc/msp430/4.6.3/mcpu-430x/mmpy-16\libgcc.a(_usi_to_sf.o)
 .debug_aranges
                0x00000614       0x14 c:/ti/energia-1.6.10e18/hardware/tools/msp430/bin/../lib/gcc/msp430/4.6.3/mcpu-430x/mmpy-16\libgcc.a(_clzsi2.o)
 .debug_aranges
                0x00000628       0x14 c:/ti/energia-1.6.10e18/hardware/tools/msp430/bin/../lib/gcc/msp430/4.6.3/mcpu-430x/mmpy-16\libgcc.a(_pack_sf.o)
 .debug_aranges
                0x0000063c       0x14 c:/ti/energia-1.6.10e18/hardware/tools/msp430/bin/../lib/gcc/msp430/4.6.3/mcpu-430x/mmpy-16\libgcc.a(_unpack_sf.o)
 .debug_aranges
                0x00000650       0x14 c:/ti/energia-1.6.10e18/hardware/tools/msp430/bin/../lib/gcc/msp430/4.6.3/mcpu-430x/mmpy-16\libgcc.a(_fpcmp_parts_sf.o)
 .debug_aranges
                0x00000664       0x14 c:/ti/energia-1.6.10e18/hardware/tools/msp430/bin/../lib/gcc/msp430/4.6.3/../../../../msp430/lib/mcpu-430x/mmpy-16\libc.a(strchr.o)
 .debug_aranges
                0x00000678       0x14 c:/ti/energia-1.6.10e18/hardware/tools/msp430/bin/../lib/gcc/msp430/4.6.3/../../../../msp430/lib/mcpu-430x/mmpy-16\libc.a(strcmp.o)
 .debug_aranges
                0x0000068c       0x14 c:/ti/energia-1.6.10e18/hardware/tools/msp430/bin/../lib/gcc/msp430/4.6.3/../../../../msp430/lib/mcpu-430x/mmpy-16\libc.a(strncmp.o)
 .debug_aranges
                0x000006a0       0x14 c:/ti/energia-1.6.10e18/hardware/tools/msp430/bin/../lib/gcc/msp430/4.6.3/../../../../msp430/lib/mcpu-430x/mmpy-16\libc.a(strcpy.o)
 .debug_aranges
                0x000006b4       0x14 c:/ti/energia-1.6.10e18/hardware/tools/msp430/bin/../lib/gcc/msp430/4.6.3/../../../../msp430/lib/mcpu-430x/mmpy-16\libc.a(strncpy.o)
 .debug_aranges
                0x000006c8       0x14 c:/ti/energia-1.6.10e18/hardware/tools/msp430/bin/../lib/gcc/msp430/4.6.3/../../../../msp430/lib/mcpu-430x/mmpy-16\libc.a(memcpy.o)
 .debug_aranges
                0x000006dc       0x14 c:/ti/energia-1.6.10e18/hardware/tools/msp430/bin/../lib/gcc/msp430/4.6.3/../../../../msp430/lib/mcpu-430x/mmpy-16\libc.a(memmove.o)
 .debug_aranges
                0x000006f0       0x14 c:/ti/energia-1.6.10e18/hardware/tools/msp430/bin/../lib/gcc/msp430/4.6.3/../../../../msp430/lib/mcpu-430x/mmpy-16\libc.a(strrchr.o)
 .debug_aranges
                0x00000704       0x14 c:/ti/energia-1.6.10e18/hardware/tools/msp430/bin/../lib/gcc/msp430/4.6.3/../../../../msp430/lib/mcpu-430x/mmpy-16\libc.a(strstr.o)
 .debug_aranges
                0x00000718       0x14 c:/ti/energia-1.6.10e18/hardware/tools/msp430/bin/../lib/gcc/msp430/4.6.3/../../../../msp430/lib/mcpu-430x/mmpy-16\libc.a(atol.o)
 .debug_aranges
                0x0000072c       0x14 c:/ti/energia-1.6.10e18/hardware/tools/msp430/bin/../lib/gcc/msp430/4.6.3/../../../../msp430/lib/mcpu-430x/mmpy-16\libc.a(malloc.o)
 .debug_aranges
                0x00000740       0x14 c:/ti/energia-1.6.10e18/hardware/tools/msp430/bin/../lib/gcc/msp430/4.6.3/../../../../msp430/lib/mcpu-430x/mmpy-16\libc.a(strtol.o)
 .debug_aranges
                0x00000754       0x14 c:/ti/energia-1.6.10e18/hardware/tools/msp430/bin/../lib/gcc/msp430/4.6.3/../../../../msp430/lib/mcpu-430x/mmpy-16\libc.a(sprintf.o)
 .debug_aranges
                0x00000768       0x14 c:/ti/energia-1.6.10e18/hardware/tools/msp430/bin/../lib/gcc/msp430/4.6.3/../../../../msp430/lib/mcpu-430x/mmpy-16\libc.a(vuprintf.o)
 .debug_aranges
                0x0000077c       0x14 c:/ti/energia-1.6.10e18/hardware/tools/msp430/bin/../lib/gcc/msp430/4.6.3/mcpu-430x/mmpy-16\libgcc.a(_mulsi3.o)
 .debug_aranges
                0x00000790       0x14 c:/ti/energia-1.6.10e18/hardware/tools/msp430/bin/../lib/gcc/msp430/4.6.3/mcpu-430x/mmpy-16\libgcc.a(_divmod32.o)
 .debug_aranges
                0x000007a4       0x14 c:/ti/energia-1.6.10e18/hardware/tools/msp430/bin/../lib/gcc/msp430/4.6.3/mcpu-430x/mmpy-16\libgcc.a(_udivmod64.o)
 .debug_aranges
                0x000007b8       0x14 c:/ti/energia-1.6.10e18/hardware/tools/msp430/bin/../lib/gcc/msp430/4.6.3/mcpu-430x/mmpy-16\libcrt0.a(__watchdog_support.o)
 .debug_aranges
                0x000007cc       0x14 c:/ti/energia-1.6.10e18/hardware/tools/msp430/bin/../lib/gcc/msp430/4.6.3/mcpu-430x/mmpy-16\libcrt0.a(__init_stack.o)
 .debug_aranges
                0x000007e0       0x14 c:/ti/energia-1.6.10e18/hardware/tools/msp430/bin/../lib/gcc/msp430/4.6.3/mcpu-430x/mmpy-16\libcrt0.a(_copy_data.o)
 .debug_aranges
                0x000007f4       0x14 c:/ti/energia-1.6.10e18/hardware/tools/msp430/bin/../lib/gcc/msp430/4.6.3/mcpu-430x/mmpy-16\libcrt0.a(_clear_bss.o)
 .debug_aranges
                0x00000808       0x14 c:/ti/energia-1.6.10e18/hardware/tools/msp430/bin/../lib/gcc/msp430/4.6.3/mcpu-430x/mmpy-16\libcrt0.a(_endless_loop__.o)
 .debug_aranges
                0x0000081c       0x14 c:/ti/energia-1.6.10e18/hardware/tools/msp430/bin/../lib/gcc/msp430/4.6.3/mcpu-430x/mmpy-16\libcrt0.a(_unexpected_.o)
 .debug_aranges
                0x00000830       0x14 c:/ti/energia-1.6.10e18/hardware/tools/msp430/bin/../lib/gcc/msp430/4.6.3/mcpu-430x/mmpy-16\libcrt0.a(_ctors430.o)
 .debug_aranges
                0x00000844       0x14 c:/ti/energia-1.6.10e18/hardware/tools/msp430/bin/../lib/gcc/msp430/4.6.3/mcpu-430x/mmpy-16\libcrt0.a(_dtors430.o)

.debug_pubnames
 *(.debug_pubnames)

.debug_info     0x00000000    0x12c17
 *(.debug_info)
 .debug_info    0x00000000     0x1642 ./Beacon.o
 .debug_info    0x00001642      0xc6c ./DFPlayer_Mini_Mp3.o
 .debug_info    0x000022ae     0x14bd ./MuseS_Project_v1.1.o
 .debug_info    0x0000376b      0x80d D:/Project/TI Contest/Workspace_new/lpmsp430f5529_25_core/Debug\liblpmsp430f5529_25_core.a(wiring.o)
 .debug_info    0x00003f78     0x1d32 D:/Project/TI Contest/Workspace_new/lpmsp430f5529_25_core/Debug\liblpmsp430f5529_25_core.a(HardwareSerial.o)
 .debug_info    0x00005caa      0x408 D:/Project/TI Contest/Workspace_new/lpmsp430f5529_25_core/Debug\liblpmsp430f5529_25_core.a(main.o)
 .debug_info    0x000060b2     0x1fc7 D:/Project/TI Contest/Workspace_new/lpmsp430f5529_25_core/Debug\liblpmsp430f5529_25_core.a(Print.o)
 .debug_info    0x00008079     0x1af1 D:/Project/TI Contest/Workspace_new/lpmsp430f5529_25_core/Debug\liblpmsp430f5529_25_core.a(Stream.o)
 .debug_info    0x00009b6a     0x2a47 D:/Project/TI Contest/Workspace_new/lpmsp430f5529_25_core/Debug\liblpmsp430f5529_25_core.a(WString.o)
 .debug_info    0x0000c5b1       0xd8 D:/Project/TI Contest/Workspace_new/lpmsp430f5529_25_core/Debug\liblpmsp430f5529_25_core.a(atof.o)
 .debug_info    0x0000c689      0x14d D:/Project/TI Contest/Workspace_new/lpmsp430f5529_25_core/Debug\liblpmsp430f5529_25_core.a(dtostrf.o)
 .debug_info    0x0000c7d6      0x221 D:/Project/TI Contest/Workspace_new/lpmsp430f5529_25_core/Debug\liblpmsp430f5529_25_core.a(itoa.o)
 .debug_info    0x0000c9f7      0x4d1 D:/Project/TI Contest/Workspace_new/lpmsp430f5529_25_core/Debug\liblpmsp430f5529_25_core.a(usci_isr_handler.o)
 .debug_info    0x0000cec8      0xb09 D:/Project/TI Contest/Workspace_new/lpmsp430f5529_25_core/Debug\liblpmsp430f5529_25_core.a(wiring_digital.o)
 .debug_info    0x0000d9d1      0x140 D:/Project/TI Contest/Workspace_new/lpmsp430f5529_25_core/Debug\liblpmsp430f5529_25_core.a(new.o)
 .debug_info    0x0000db11      0x72b D:/Project/TI Contest/Workspace_new/lpmsp430f5529_25_core/Debug\liblpmsp430f5529_25_core.a(twi.o)
 .debug_info    0x0000e23c      0x5ea c:/ti/energia-1.6.10e18/hardware/tools/msp430/bin/../lib/gcc/msp430/4.6.3/../../../../msp430/lib/mcpu-430x/mmpy-16\libm.a(ef_pow.o)
 .debug_info    0x0000e826      0x1e4 c:/ti/energia-1.6.10e18/hardware/tools/msp430/bin/../lib/gcc/msp430/4.6.3/../../../../msp430/lib/mcpu-430x/mmpy-16\libm.a(sf_scalbn.o)
 .debug_info    0x0000ea0a      0x208 c:/ti/energia-1.6.10e18/hardware/tools/msp430/bin/../lib/gcc/msp430/4.6.3/../../../../msp430/lib/mcpu-430x/mmpy-16\libm.a(ef_sqrt.o)